Archive member included to satisfy reference by file (symbol)

c:/program files (x86)/gnu arm embedded toolchain/10 2021.10/bin/../lib/gcc/arm-none-eabi/10.3.1/../../../../arm-none-eabi/lib/thumb/v7e-m+dp/hard\libc_nano.a(lib_a-exit.o)
                              c:/program files (x86)/gnu arm embedded toolchain/10 2021.10/bin/../lib/gcc/arm-none-eabi/10.3.1/../../../../arm-none-eabi/lib/thumb/v7e-m+dp/hard/crt0.o (exit)
c:/program files (x86)/gnu arm embedded toolchain/10 2021.10/bin/../lib/gcc/arm-none-eabi/10.3.1/../../../../arm-none-eabi/lib/thumb/v7e-m+dp/hard\libc_nano.a(lib_a-impure.o)
                              c:/program files (x86)/gnu arm embedded toolchain/10 2021.10/bin/../lib/gcc/arm-none-eabi/10.3.1/../../../../arm-none-eabi/lib/thumb/v7e-m+dp/hard\libc_nano.a(lib_a-exit.o) (_global_impure_ptr)
c:/program files (x86)/gnu arm embedded toolchain/10 2021.10/bin/../lib/gcc/arm-none-eabi/10.3.1/../../../../arm-none-eabi/lib/thumb/v7e-m+dp/hard\libc_nano.a(lib_a-init.o)
                              c:/program files (x86)/gnu arm embedded toolchain/10 2021.10/bin/../lib/gcc/arm-none-eabi/10.3.1/../../../../arm-none-eabi/lib/thumb/v7e-m+dp/hard/crt0.o (__libc_init_array)
c:/program files (x86)/gnu arm embedded toolchain/10 2021.10/bin/../lib/gcc/arm-none-eabi/10.3.1/../../../../arm-none-eabi/lib/thumb/v7e-m+dp/hard\libc_nano.a(lib_a-memset.o)
                              c:/program files (x86)/gnu arm embedded toolchain/10 2021.10/bin/../lib/gcc/arm-none-eabi/10.3.1/../../../../arm-none-eabi/lib/thumb/v7e-m+dp/hard/crt0.o (memset)
c:/program files (x86)/gnu arm embedded toolchain/10 2021.10/bin/../lib/gcc/arm-none-eabi/10.3.1/../../../../arm-none-eabi/lib/thumb/v7e-m+dp/hard\libc_nano.a(lib_a-strlen.o)
                              build/main.o (strlen)
c:/program files (x86)/gnu arm embedded toolchain/10 2021.10/bin/../lib/gcc/arm-none-eabi/10.3.1/../../../../arm-none-eabi/lib/thumb/v7e-m+dp/hard\libnosys.a(_exit.o)
                              c:/program files (x86)/gnu arm embedded toolchain/10 2021.10/bin/../lib/gcc/arm-none-eabi/10.3.1/../../../../arm-none-eabi/lib/thumb/v7e-m+dp/hard\libc_nano.a(lib_a-exit.o) (_exit)
c:/program files (x86)/gnu arm embedded toolchain/10 2021.10/bin/../lib/gcc/arm-none-eabi/10.3.1/thumb/v7e-m+dp/hard\libgcc.a(_aeabi_uldivmod.o)
                              build/stm32h7xx_hal_uart.o (__aeabi_uldivmod)
c:/program files (x86)/gnu arm embedded toolchain/10 2021.10/bin/../lib/gcc/arm-none-eabi/10.3.1/thumb/v7e-m+dp/hard\libgcc.a(_udivmoddi4.o)
                              c:/program files (x86)/gnu arm embedded toolchain/10 2021.10/bin/../lib/gcc/arm-none-eabi/10.3.1/thumb/v7e-m+dp/hard\libgcc.a(_aeabi_uldivmod.o) (__udivmoddi4)
c:/program files (x86)/gnu arm embedded toolchain/10 2021.10/bin/../lib/gcc/arm-none-eabi/10.3.1/thumb/v7e-m+dp/hard\libgcc.a(_dvmd_tls.o)
                              c:/program files (x86)/gnu arm embedded toolchain/10 2021.10/bin/../lib/gcc/arm-none-eabi/10.3.1/thumb/v7e-m+dp/hard\libgcc.a(_aeabi_uldivmod.o) (__aeabi_ldiv0)

Discarded input sections

 .text          0x00000000        0x0 c:/program files (x86)/gnu arm embedded toolchain/10 2021.10/bin/../lib/gcc/arm-none-eabi/10.3.1/thumb/v7e-m+dp/hard/crti.o
 .data          0x00000000        0x0 c:/program files (x86)/gnu arm embedded toolchain/10 2021.10/bin/../lib/gcc/arm-none-eabi/10.3.1/thumb/v7e-m+dp/hard/crti.o
 .bss           0x00000000        0x0 c:/program files (x86)/gnu arm embedded toolchain/10 2021.10/bin/../lib/gcc/arm-none-eabi/10.3.1/thumb/v7e-m+dp/hard/crti.o
 .data          0x00000000        0x4 c:/program files (x86)/gnu arm embedded toolchain/10 2021.10/bin/../lib/gcc/arm-none-eabi/10.3.1/thumb/v7e-m+dp/hard/crtbegin.o
 .rodata        0x00000000       0x24 c:/program files (x86)/gnu arm embedded toolchain/10 2021.10/bin/../lib/gcc/arm-none-eabi/10.3.1/thumb/v7e-m+dp/hard/crtbegin.o
 .text          0x00000000       0x7c c:/program files (x86)/gnu arm embedded toolchain/10 2021.10/bin/../lib/gcc/arm-none-eabi/10.3.1/../../../../arm-none-eabi/lib/thumb/v7e-m+dp/hard/crt0.o
 .data          0x00000000        0x0 c:/program files (x86)/gnu arm embedded toolchain/10 2021.10/bin/../lib/gcc/arm-none-eabi/10.3.1/../../../../arm-none-eabi/lib/thumb/v7e-m+dp/hard/crt0.o
 .bss           0x00000000        0x0 c:/program files (x86)/gnu arm embedded toolchain/10 2021.10/bin/../lib/gcc/arm-none-eabi/10.3.1/../../../../arm-none-eabi/lib/thumb/v7e-m+dp/hard/crt0.o
 .ARM.extab     0x00000000        0x0 c:/program files (x86)/gnu arm embedded toolchain/10 2021.10/bin/../lib/gcc/arm-none-eabi/10.3.1/../../../../arm-none-eabi/lib/thumb/v7e-m+dp/hard/crt0.o
 .ARM.exidx     0x00000000       0x10 c:/program files (x86)/gnu arm embedded toolchain/10 2021.10/bin/../lib/gcc/arm-none-eabi/10.3.1/../../../../arm-none-eabi/lib/thumb/v7e-m+dp/hard/crt0.o
 .ARM.attributes
[...]
Memory Configuration

Name             Origin             Length             Attributes
DTCMRAM          0x20000000         0x00020000         xrw
RAM_D1           0x24000000         0x00080000         xrw
RAM_D2           0x30000000         0x00048000         xrw
RAM_D3           0x38000000         0x00010000         xrw
ITCMRAM          0x00000000         0x00010000         xrw
FLASH            0x08000000         0x00200000         xr
*default*        0x00000000         0xffffffff

Linker script and memory map

LOAD c:/program files (x86)/gnu arm embedded toolchain/10 2021.10/bin/../lib/gcc/arm-none-eabi/10.3.1/thumb/v7e-m+dp/hard/crti.o
LOAD c:/program files (x86)/gnu arm embedded toolchain/10 2021.10/bin/../lib/gcc/arm-none-eabi/10.3.1/thumb/v7e-m+dp/hard/crtbegin.o
LOAD c:/program files (x86)/gnu arm embedded toolchain/10 2021.10/bin/../lib/gcc/arm-none-eabi/10.3.1/../../../../arm-none-eabi/lib/thumb/v7e-m+dp/hard/crt0.o
LOAD build/main.o
LOAD build/stm32h7xx_it.o
LOAD build/stm32h7xx_hal_msp.o
LOAD build/stm32h7xx_hal_cortex.o
LOAD build/stm32h7xx_hal_eth.o
LOAD build/stm32h7xx_hal_eth_ex.o
LOAD build/stm32h7xx_hal_rcc.o
LOAD build/stm32h7xx_hal_rcc_ex.o
LOAD build/stm32h7xx_hal_flash.o
LOAD build/stm32h7xx_hal_flash_ex.o
LOAD build/stm32h7xx_hal_gpio.o
LOAD build/stm32h7xx_hal_hsem.o
LOAD build/stm32h7xx_hal_dma.o
LOAD build/stm32h7xx_hal_dma_ex.o
LOAD build/stm32h7xx_hal_mdma.o
LOAD build/stm32h7xx_hal_pwr.o
LOAD build/stm32h7xx_hal_pwr_ex.o
LOAD build/stm32h7xx_hal.o
LOAD build/stm32h7xx_hal_i2c.o
LOAD build/stm32h7xx_hal_i2c_ex.o
LOAD build/stm32h7xx_hal_exti.o
LOAD build/stm32h7xx_hal_spi.o
LOAD build/stm32h7xx_hal_spi_ex.o
LOAD build/stm32h7xx_hal_tim.o
LOAD build/stm32h7xx_hal_tim_ex.o
LOAD build/stm32h7xx_hal_uart.o
LOAD build/stm32h7xx_hal_uart_ex.o
LOAD build/stm32h7xx_hal_pcd.o
LOAD build/stm32h7xx_hal_pcd_ex.o
LOAD build/stm32h7xx_ll_usb.o
LOAD build/system_stm32h7xx.o
LOAD build/startup_stm32h753xx.o
LOAD c:/program files (x86)/gnu arm embedded toolchain/10 2021.10/bin/../lib/gcc/arm-none-eabi/10.3.1/../../../../arm-none-eabi/lib/thumb/v7e-m+dp/hard\libc_nano.a
LOAD c:/program files (x86)/gnu arm embedded toolchain/10 2021.10/bin/../lib/gcc/arm-none-eabi/10.3.1/../../../../arm-none-eabi/lib/thumb/v7e-m+dp/hard\libm.a
LOAD c:/program files (x86)/gnu arm embedded toolchain/10 2021.10/bin/../lib/gcc/arm-none-eabi/10.3.1/../../../../arm-none-eabi/lib/thumb/v7e-m+dp/hard\libnosys.a
START GROUP
LOAD c:/program files (x86)/gnu arm embedded toolchain/10 2021.10/bin/../lib/gcc/arm-none-eabi/10.3.1/thumb/v7e-m+dp/hard\libgcc.a
LOAD c:/program files (x86)/gnu arm embedded toolchain/10 2021.10/bin/../lib/gcc/arm-none-eabi/10.3.1/../../../../arm-none-eabi/lib/thumb/v7e-m+dp/hard\libc_nano.a
END GROUP
START GROUP
LOAD c:/program files (x86)/gnu arm embedded toolchain/10 2021.10/bin/../lib/gcc/arm-none-eabi/10.3.1/thumb/v7e-m+dp/hard\libgcc.a
LOAD c:/program files (x86)/gnu arm embedded toolchain/10 2021.10/bin/../lib/gcc/arm-none-eabi/10.3.1/../../../../arm-none-eabi/lib/thumb/v7e-m+dp/hard\libc_nano.a
END GROUP
LOAD c:/program files (x86)/gnu arm embedded toolchain/10 2021.10/bin/../lib/gcc/arm-none-eabi/10.3.1/thumb/v7e-m+dp/hard/crtend.o
LOAD c:/program files (x86)/gnu arm embedded toolchain/10 2021.10/bin/../lib/gcc/arm-none-eabi/10.3.1/thumb/v7e-m+dp/hard/crtn.o
                0x20020000                _estack = (ORIGIN (DTCMRAM) + LENGTH (DTCMRAM))
                0x00000200                _Min_Heap_Size = 0x200
                0x00000400                _Min_Stack_Size = 0x400

.isr_vector     0x08000000      0x298
                0x08000000                . = ALIGN (0x4)
 *(.isr_vector)
 .isr_vector    0x08000000      0x298 build/startup_stm32h753xx.o
                0x08000000                g_pfnVectors
                0x08000298                . = ALIGN (0x4)

.text           0x08000298     0x6374
                0x08000298                . = ALIGN (0x4)
 *(.text)
 .text          0x08000298       0x40 c:/program files (x86)/gnu arm embedded toolchain/10 2021.10/bin/../lib/gcc/arm-none-eabi/10.3.1/thumb/v7e-m+dp/hard/crtbegin.o
 .text          0x080002d8       0x10 c:/program files (x86)/gnu arm embedded toolchain/10 2021.10/bin/../lib/gcc/arm-none-eabi/10.3.1/../../../../arm-none-eabi/lib/thumb/v7e-m+dp/hard\libc_nano.a(lib_a-strlen.o)
                0x080002d8                strlen
 .text          0x080002e8       0x30 c:/program files (x86)/gnu arm embedded toolchain/10 2021.10/bin/../lib/gcc/arm-none-eabi/10.3.1/thumb/v7e-m+dp/hard\libgcc.a(_aeabi_uldivmod.o)
                0x080002e8                __aeabi_uldivmod
 .text          0x08000318      0x2d0 c:/program files (x86)/gnu arm embedded toolchain/10 2021.10/bin/../lib/gcc/arm-none-eabi/10.3.1/thumb/v7e-m+dp/hard\libgcc.a(_udivmoddi4.o)
                0x08000318                __udivmoddi4
 .text          0x080005e8        0x4 c:/program files (x86)/gnu arm embedded toolchain/10 2021.10/bin/../lib/gcc/arm-none-eabi/10.3.1/thumb/v7e-m+dp/hard\libgcc.a(_dvmd_tls.o)
                0x080005e8                __aeabi_idiv0
                0x080005e8                __aeabi_ldiv0
 *(.text*)
 .text.MX_GPIO_Init
                0x080005ec      0x168 build/main.o
 .text.delay_us
                0x08000754       0x14 build/main.o
                0x08000754                delay_us
 .text.LCD_SEND_BYTE
                0x08000768       0x1c build/main.o
                0x08000768                LCD_SEND_BYTE
 .text.LCD_WRITE_COMMAND
                0x08000784       0x24 build/main.o
                0x08000784                LCD_WRITE_COMMAND
 .text.LCD_WRITE_CHAR
                0x080007a8       0x24 build/main.o
                0x080007a8                LCD_WRITE_CHAR
 .text.DrawFullScreen
                0x080007cc       0x5c build/main.o
                0x080007cc                DrawFullScreen
 .text.LCD_INIT
                0x08000828       0x1c build/main.o
                0x08000828                LCD_INIT
 .text.LCD_CLEAR
                0x08000844       0x10 build/main.o
                0x08000844                LCD_CLEAR
 .text.HAL_UART_RxCpltCallback
                0x08000854       0x64 build/main.o
                0x08000854                HAL_UART_RxCpltCallback
 .text.Error_Handler
                0x080008b8        0x4 build/main.o
                0x080008b8                Error_Handler
 .text.MX_ETH_Init
                0x080008bc       0x6c build/main.o
 .text.MX_SPI1_Init
                0x08000928       0x60 build/main.o
 .text.MX_USART2_UART_Init
                0x08000988       0x60 build/main.o
 .text.MX_USART3_UART_Init
                0x080009e8       0x60 build/main.o
 .text.MX_USB_OTG_FS_PCD_Init
                0x08000a48       0x38 build/main.o
 .text.MX_TIM1_Init
                0x08000a80       0x70 build/main.o
 .text.SystemClock_Config
                0x08000af0       0xc0 build/main.o
                0x08000af0                SystemClock_Config
 .text.main     0x08000bb0       0xf4 build/main.o
                0x08000bb0                main
 .text.NMI_Handler
                0x08000ca4        0x2 build/stm32h7xx_it.o
                0x08000ca4                NMI_Handler
 .text.HardFault_Handler
                0x08000ca6        0x2 build/stm32h7xx_it.o
                0x08000ca6                HardFault_Handler
 .text.MemManage_Handler
                0x08000ca8        0x2 build/stm32h7xx_it.o
                0x08000ca8                MemManage_Handler
 .text.BusFault_Handler
                0x08000caa        0x2 build/stm32h7xx_it.o
                0x08000caa                BusFault_Handler
 .text.UsageFault_Handler
                0x08000cac        0x2 build/stm32h7xx_it.o
                0x08000cac                UsageFault_Handler
 .text.SVC_Handler
                0x08000cae        0x2 build/stm32h7xx_it.o
                0x08000cae                SVC_Handler
 .text.DebugMon_Handler
                0x08000cb0        0x2 build/stm32h7xx_it.o
                0x08000cb0                DebugMon_Handler
 .text.PendSV_Handler
                0x08000cb2        0x2 build/stm32h7xx_it.o
                0x08000cb2                PendSV_Handler
 .text.SysTick_Handler
                0x08000cb4        0x8 build/stm32h7xx_it.o
                0x08000cb4                SysTick_Handler
 .text.SPI1_IRQHandler
                0x08000cbc       0x10 build/stm32h7xx_it.o
                0x08000cbc                SPI1_IRQHandler
 .text.USART2_IRQHandler
                0x08000ccc       0x10 build/stm32h7xx_it.o
                0x08000ccc                USART2_IRQHandler
 .text.USART3_IRQHandler
                0x08000cdc       0x10 build/stm32h7xx_it.o
                0x08000cdc                USART3_IRQHandler
 .text.HAL_MspInit
                0x08000cec       0x24 build/stm32h7xx_hal_msp.o
                0x08000cec                HAL_MspInit
 .text.HAL_ETH_MspInit
                0x08000d10      0x138 build/stm32h7xx_hal_msp.o
                0x08000d10                HAL_ETH_MspInit
 .text.HAL_SPI_MspInit
                0x08000e48       0xa8 build/stm32h7xx_hal_msp.o
                0x08000e48                HAL_SPI_MspInit
 .text.HAL_TIM_Base_MspInit
                0x08000ef0       0x34 build/stm32h7xx_hal_msp.o
                0x08000ef0                HAL_TIM_Base_MspInit
 .text.HAL_UART_MspInit
                0x08000f24      0x158 build/stm32h7xx_hal_msp.o
                0x08000f24                HAL_UART_MspInit
 .text.HAL_PCD_MspInit
                0x0800107c       0xbc build/stm32h7xx_hal_msp.o
                0x0800107c                HAL_PCD_MspInit
 .text.HAL_NVIC_SetPriorityGrouping
                0x08001138       0x24 build/stm32h7xx_hal_cortex.o
                0x08001138                HAL_NVIC_SetPriorityGrouping
 .text.HAL_NVIC_SetPriority
                0x0800115c       0x6c build/stm32h7xx_hal_cortex.o
                0x0800115c                HAL_NVIC_SetPriority
 .text.HAL_NVIC_EnableIRQ
                0x080011c8       0x1c build/stm32h7xx_hal_cortex.o
                0x080011c8                HAL_NVIC_EnableIRQ
 .text.HAL_SYSTICK_Config
                0x080011e4       0x28 build/stm32h7xx_hal_cortex.o
                0x080011e4                HAL_SYSTICK_Config
 .text.ETH_SetMACConfig
                0x0800120c      0x1b0 build/stm32h7xx_hal_eth.o
 .text.ETH_SetDMAConfig
                0x080013bc       0xb0 build/stm32h7xx_hal_eth.o
 .text.ETH_MACDMAConfig
                0x0800146c       0xdc build/stm32h7xx_hal_eth.o
 .text.ETH_DMATxDescListInit
                0x08001548       0x5a build/stm32h7xx_hal_eth.o
 .text.ETH_DMARxDescListInit
                0x080015a2       0x6c build/stm32h7xx_hal_eth.o
 *fill*         0x0800160e        0x2 
 .text.HAL_ETH_SetMDIOClockRange
                0x08001610       0x68 build/stm32h7xx_hal_eth.o
                0x08001610                HAL_ETH_SetMDIOClockRange
 .text.HAL_ETH_Init
                0x08001678      0x170 build/stm32h7xx_hal_eth.o
                0x08001678                HAL_ETH_Init
 .text.HAL_RCC_OscConfig
                0x080017e8      0x6b4 build/stm32h7xx_hal_rcc.o
                0x080017e8                HAL_RCC_OscConfig
 .text.HAL_RCC_GetSysClockFreq
                0x08001e9c      0x1f4 build/stm32h7xx_hal_rcc.o
                0x08001e9c                HAL_RCC_GetSysClockFreq
 .text.HAL_RCC_ClockConfig
                0x08002090      0x294 build/stm32h7xx_hal_rcc.o
                0x08002090                HAL_RCC_ClockConfig
 .text.HAL_RCC_GetHCLKFreq
                0x08002324       0x44 build/stm32h7xx_hal_rcc.o
                0x08002324                HAL_RCC_GetHCLKFreq
 .text.HAL_RCC_GetPCLK1Freq
                0x08002368       0x24 build/stm32h7xx_hal_rcc.o
                0x08002368                HAL_RCC_GetPCLK1Freq
 .text.HAL_RCC_GetPCLK2Freq
                0x0800238c       0x24 build/stm32h7xx_hal_rcc.o
                0x0800238c                HAL_RCC_GetPCLK2Freq
 .text.RCCEx_PLL2_Config
                0x080023b0      0x10c build/stm32h7xx_hal_rcc_ex.o
 .text.RCCEx_PLL3_Config
                0x080024bc      0x10c build/stm32h7xx_hal_rcc_ex.o
 .text.HAL_RCCEx_PeriphCLKConfig
                0x080025c8      0xa8c build/stm32h7xx_hal_rcc_ex.o
                0x080025c8                HAL_RCCEx_PeriphCLKConfig
 .text.HAL_RCCEx_GetD3PCLK1Freq
                0x08003054       0x24 build/stm32h7xx_hal_rcc_ex.o
                0x08003054                HAL_RCCEx_GetD3PCLK1Freq
 .text.HAL_RCCEx_GetPLL2ClockFreq
                0x08003078      0x1f8 build/stm32h7xx_hal_rcc_ex.o
                0x08003078                HAL_RCCEx_GetPLL2ClockFreq
 .text.HAL_RCCEx_GetPLL3ClockFreq
                0x08003270      0x1f8 build/stm32h7xx_hal_rcc_ex.o
                0x08003270                HAL_RCCEx_GetPLL3ClockFreq
 .text.HAL_GPIO_Init
                0x08003468      0x220 build/stm32h7xx_hal_gpio.o
                0x08003468                HAL_GPIO_Init
 .text.HAL_GPIO_WritePin
                0x08003688        0xc build/stm32h7xx_hal_gpio.o
                0x08003688                HAL_GPIO_WritePin
 .text.HAL_DMA_Abort
                0x08003694      0x340 build/stm32h7xx_hal_dma.o
                0x08003694                HAL_DMA_Abort
 .text.HAL_DMA_Abort_IT
                0x080039d4      0x270 build/stm32h7xx_hal_dma.o
                0x080039d4                HAL_DMA_Abort_IT
 .text.HAL_PWREx_ConfigSupply
                0x08003c44       0x54 build/stm32h7xx_hal_pwr_ex.o
                0x08003c44                HAL_PWREx_ConfigSupply
 .text.HAL_PWREx_EnableUSBVoltageDetector
                0x08003c98       0x10 build/stm32h7xx_hal_pwr_ex.o
                0x08003c98                HAL_PWREx_EnableUSBVoltageDetector
 .text.HAL_InitTick
                0x08003ca8       0x50 build/stm32h7xx_hal.o
                0x08003ca8                HAL_InitTick
 .text.HAL_Init
                0x08003cf8       0x5c build/stm32h7xx_hal.o
                0x08003cf8                HAL_Init
 .text.HAL_IncTick
                0x08003d54       0x18 build/stm32h7xx_hal.o
                0x08003d54                HAL_IncTick
 .text.HAL_GetTick
                0x08003d6c        0xc build/stm32h7xx_hal.o
                0x08003d6c                HAL_GetTick
 .text.HAL_Delay
                0x08003d78       0x28 build/stm32h7xx_hal.o
                0x08003d78                HAL_Delay
 .text.HAL_GetREVID
                0x08003da0        0xc build/stm32h7xx_hal.o
                0x08003da0                HAL_GetREVID
 .text.HAL_SYSCFG_ETHInterfaceSelect
                0x08003dac       0x14 build/stm32h7xx_hal.o
                0x08003dac                HAL_SYSCFG_ETHInterfaceSelect
 .text.SPI_CloseTransfer
                0x08003dc0       0xd0 build/stm32h7xx_hal_spi.o
 .text.SPI_GetPacketSize
                0x08003e90       0x10 build/stm32h7xx_hal_spi.o
 .text.SPI_WaitOnFlagUntilTimeout
                0x08003ea0       0x46 build/stm32h7xx_hal_spi.o
 *fill*         0x08003ee6        0x2 
 .text.HAL_SPI_Init
                0x08003ee8      0x190 build/stm32h7xx_hal_spi.o
                0x08003ee8                HAL_SPI_Init
 .text.HAL_SPI_Transmit
                0x08004078      0x2c4 build/stm32h7xx_hal_spi.o
                0x08004078                HAL_SPI_Transmit
 .text.HAL_SPI_TxCpltCallback
                0x0800433c        0x2 build/stm32h7xx_hal_spi.o
                0x0800433c                HAL_SPI_TxCpltCallback
 .text.HAL_SPI_RxCpltCallback
                0x0800433e        0x2 build/stm32h7xx_hal_spi.o
                0x0800433e                HAL_SPI_RxCpltCallback
 .text.HAL_SPI_TxRxCpltCallback
                0x08004340        0x2 build/stm32h7xx_hal_spi.o
                0x08004340                HAL_SPI_TxRxCpltCallback
 .text.HAL_SPI_ErrorCallback
                0x08004342        0x2 build/stm32h7xx_hal_spi.o
                0x08004342                HAL_SPI_ErrorCallback
 .text.SPI_DMAAbortOnError
                0x08004344       0x1a build/stm32h7xx_hal_spi.o
 .text.HAL_SPI_SuspendCallback
                0x0800435e        0x2 build/stm32h7xx_hal_spi.o
                0x0800435e                HAL_SPI_SuspendCallback
 .text.HAL_SPI_IRQHandler
                0x08004360      0x240 build/stm32h7xx_hal_spi.o
                0x08004360                HAL_SPI_IRQHandler
 .text.TIM_TI1_ConfigInputStage
                0x080045a0       0x26 build/stm32h7xx_hal_tim.o
 .text.TIM_TI2_ConfigInputStage
                0x080045c6       0x28 build/stm32h7xx_hal_tim.o
 *fill*         0x080045ee        0x2 
 .text.TIM_ITRx_SetConfig
                0x080045f0       0x14 build/stm32h7xx_hal_tim.o
 .text.HAL_TIM_Base_Start
                0x08004604       0x88 build/stm32h7xx_hal_tim.o
                0x08004604                HAL_TIM_Base_Start
 .text.TIM_Base_SetConfig
                0x0800468c      0x114 build/stm32h7xx_hal_tim.o
                0x0800468c                TIM_Base_SetConfig
 .text.HAL_TIM_Base_Init
                0x080047a0       0x60 build/stm32h7xx_hal_tim.o
                0x080047a0                HAL_TIM_Base_Init
 .text.TIM_ETR_SetConfig
                0x08004800       0x1a build/stm32h7xx_hal_tim.o
                0x08004800                TIM_ETR_SetConfig
 *fill*         0x0800481a        0x2 
 .text.HAL_TIM_ConfigClockSource
                0x0800481c      0x138 build/stm32h7xx_hal_tim.o
                0x0800481c                HAL_TIM_ConfigClockSource
 .text.HAL_TIMEx_MasterConfigSynchronization
                0x08004954       0xa0 build/stm32h7xx_hal_tim_ex.o
                0x08004954                HAL_TIMEx_MasterConfigSynchronization
 .text.UART_EndRxTransfer
                0x080049f4       0x58 build/stm32h7xx_hal_uart.o
 .text.HAL_UART_TxCpltCallback
                0x08004a4c        0x2 build/stm32h7xx_hal_uart.o
                0x08004a4c                HAL_UART_TxCpltCallback
 .text.UART_EndTransmit_IT
                0x08004a4e       0x24 build/stm32h7xx_hal_uart.o
 .text.HAL_UART_ErrorCallback
                0x08004a72        0x2 build/stm32h7xx_hal_uart.o
                0x08004a72                HAL_UART_ErrorCallback
 .text.UART_DMAAbortOnError
                0x08004a74       0x14 build/stm32h7xx_hal_uart.o
 .text.HAL_UARTEx_RxEventCallback
                0x08004a88        0x2 build/stm32h7xx_hal_uart.o
                0x08004a88                HAL_UARTEx_RxEventCallback
 *fill*         0x08004a8a        0x2 
 .text.HAL_UART_IRQHandler
                0x08004a8c      0x3b8 build/stm32h7xx_hal_uart.o
                0x08004a8c                HAL_UART_IRQHandler
 .text.UART_RxISR_8BIT
                0x08004e44       0xdc build/stm32h7xx_hal_uart.o
 .text.UART_RxISR_16BIT
                0x08004f20       0xd8 build/stm32h7xx_hal_uart.o
 .text.UART_RxISR_8BIT_FIFOEN
                0x08004ff8      0x1cc build/stm32h7xx_hal_uart.o
 .text.UART_RxISR_16BIT_FIFOEN
                0x080051c4      0x1c8 build/stm32h7xx_hal_uart.o
 .text.UART_SetConfig
                0x0800538c      0x5f4 build/stm32h7xx_hal_uart.o
                0x0800538c                UART_SetConfig
 .text.UART_AdvFeatureConfig
                0x08005980       0xca build/stm32h7xx_hal_uart.o
                0x08005980                UART_AdvFeatureConfig
 .text.UART_WaitOnFlagUntilTimeout
                0x08005a4a       0xaa build/stm32h7xx_hal_uart.o
                0x08005a4a                UART_WaitOnFlagUntilTimeout
 .text.HAL_UART_Transmit
                0x08005af4       0xd0 build/stm32h7xx_hal_uart.o
                0x08005af4                HAL_UART_Transmit
 .text.UART_CheckIdleState
                0x08005bc4       0xca build/stm32h7xx_hal_uart.o
                0x08005bc4                UART_CheckIdleState
 .text.HAL_UART_Init
                0x08005c8e       0x66 build/stm32h7xx_hal_uart.o
                0x08005c8e                HAL_UART_Init
 .text.UART_Start_Receive_IT
                0x08005cf4      0x13c build/stm32h7xx_hal_uart.o
                0x08005cf4                UART_Start_Receive_IT
 .text.HAL_UART_Receive_IT
                0x08005e30       0x4c build/stm32h7xx_hal_uart.o
                0x08005e30                HAL_UART_Receive_IT
 .text.UARTEx_SetNbDataToProcess
                0x08005e7c       0x4c build/stm32h7xx_hal_uart_ex.o
 .text.HAL_UARTEx_WakeupCallback
                0x08005ec8        0x2 build/stm32h7xx_hal_uart_ex.o
                0x08005ec8                HAL_UARTEx_WakeupCallback
 .text.HAL_UARTEx_RxFifoFullCallback
                0x08005eca        0x2 build/stm32h7xx_hal_uart_ex.o
                0x08005eca                HAL_UARTEx_RxFifoFullCallback
 .text.HAL_UARTEx_TxFifoEmptyCallback
                0x08005ecc        0x2 build/stm32h7xx_hal_uart_ex.o
                0x08005ecc                HAL_UARTEx_TxFifoEmptyCallback
 .text.HAL_UARTEx_DisableFifoMode
                0x08005ece       0x3e build/stm32h7xx_hal_uart_ex.o
                0x08005ece                HAL_UARTEx_DisableFifoMode
 .text.HAL_UARTEx_SetTxFifoThreshold
                0x08005f0c       0x4a build/stm32h7xx_hal_uart_ex.o
                0x08005f0c                HAL_UARTEx_SetTxFifoThreshold
 .text.HAL_UARTEx_SetRxFifoThreshold
                0x08005f56       0x4a build/stm32h7xx_hal_uart_ex.o
                0x08005f56                HAL_UARTEx_SetRxFifoThreshold
 .text.HAL_PCD_Init
                0x08005fa0      0x102 build/stm32h7xx_hal_pcd.o
                0x08005fa0                HAL_PCD_Init
 *fill*         0x080060a2        0x2 
 .text.HAL_PCDEx_ActivateLPM
                0x080060a4       0x28 build/stm32h7xx_hal_pcd_ex.o
                0x080060a4                HAL_PCDEx_ActivateLPM
 .text.USB_CoreReset
                0x080060cc       0x4a build/stm32h7xx_ll_usb.o
 *fill*         0x08006116        0x2 
 .text.USB_CoreInit
                0x08006118       0xa4 build/stm32h7xx_ll_usb.o
                0x08006118                USB_CoreInit
 .text.USB_DisableGlobalInt
                0x080061bc        0xc build/stm32h7xx_ll_usb.o
                0x080061bc                USB_DisableGlobalInt
 .text.USB_FlushTxFifo
                0x080061c8       0x4a build/stm32h7xx_ll_usb.o
                0x080061c8                USB_FlushTxFifo
 .text.USB_FlushRxFifo
                0x08006212       0x46 build/stm32h7xx_ll_usb.o
                0x08006212                USB_FlushRxFifo
 .text.USB_SetDevSpeed
                0x08006258        0xe build/stm32h7xx_ll_usb.o
                0x08006258                USB_SetDevSpeed
 *fill*         0x08006266        0x2 
 .text.USB_DevInit
                0x08006268      0x18c build/stm32h7xx_ll_usb.o
                0x08006268                USB_DevInit
 .text.USB_DevDisconnect
                0x080063f4       0x1c build/stm32h7xx_ll_usb.o
                0x080063f4                USB_DevDisconnect
 .text.USB_GetMode
                0x08006410        0x8 build/stm32h7xx_ll_usb.o
                0x08006410                USB_GetMode
 .text.USB_SetCurrentMode
                0x08006418       0x62 build/stm32h7xx_ll_usb.o
                0x08006418                USB_SetCurrentMode
 *fill*         0x0800647a        0x2 
 .text.SystemInit
                0x0800647c       0xcc build/system_stm32h7xx.o
                0x0800647c                SystemInit
 .text.Reset_Handler
                0x08006548       0x50 build/startup_stm32h753xx.o
                0x08006548                Reset_Handler
 .text.Default_Handler
                0x08006598        0x2 build/startup_stm32h753xx.o
                0x08006598                RTC_Alarm_IRQHandler
                0x08006598                HASH_RNG_IRQHandler
                0x08006598                EXTI2_IRQHandler
                0x08006598                TIM8_CC_IRQHandler
                0x08006598                HRTIM1_Master_IRQHandler
                0x08006598                UART8_IRQHandler
                0x08006598                SPI4_IRQHandler
                0x08006598                TIM1_CC_IRQHandler
                0x08006598                BDMA_Channel6_IRQHandler
                0x08006598                DMA2_Stream5_IRQHandler
                0x08006598                HRTIM1_FLT_IRQHandler
                0x08006598                JPEG_IRQHandler
                0x08006598                DMA1_Stream5_IRQHandler
                0x08006598                BDMA_Channel1_IRQHandler
                0x08006598                HRTIM1_TIMD_IRQHandler
                0x08006598                TAMP_STAMP_IRQHandler
                0x08006598                EXTI3_IRQHandler
                0x08006598                LPTIM4_IRQHandler
                0x08006598                TIM8_TRG_COM_TIM14_IRQHandler
                0x08006598                LPTIM2_IRQHandler
                0x08006598                DFSDM1_FLT1_IRQHandler
                0x08006598                DMAMUX2_OVR_IRQHandler
                0x08006598                TIM8_UP_TIM13_IRQHandler
                0x08006598                I2C3_ER_IRQHandler
                0x08006598                DFSDM1_FLT2_IRQHandler
                0x08006598                MDMA_IRQHandler
                0x08006598                LPTIM3_IRQHandler
                0x08006598                HSEM1_IRQHandler
                0x08006598                EXTI0_IRQHandler
                0x08006598                I2C2_EV_IRQHandler
                0x08006598                DMA1_Stream2_IRQHandler
                0x08006598                FPU_IRQHandler
                0x08006598                OTG_HS_WKUP_IRQHandler
                0x08006598                FDCAN1_IT1_IRQHandler
                0x08006598                LTDC_ER_IRQHandler
                0x08006598                DMA2_Stream2_IRQHandler
                0x08006598                HRTIM1_TIME_IRQHandler
                0x08006598                TIM6_DAC_IRQHandler
                0x08006598                DCMI_IRQHandler
                0x08006598                HRTIM1_TIMC_IRQHandler
                0x08006598                DMA2_Stream3_IRQHandler
                0x08006598                SAI2_IRQHandler
                0x08006598                DFSDM1_FLT3_IRQHandler
                0x08006598                USART6_IRQHandler
                0x08006598                TIM17_IRQHandler
                0x08006598                BDMA_Channel7_IRQHandler
                0x08006598                CRYP_IRQHandler
                0x08006598                LPTIM5_IRQHandler
                0x08006598                UART5_IRQHandler
                0x08006598                ADC3_IRQHandler
                0x08006598                DMA2_Stream0_IRQHandler
                0x08006598                TIM4_IRQHandler
                0x08006598                BDMA_Channel2_IRQHandler
                0x08006598                QUADSPI_IRQHandler
                0x08006598                I2C1_EV_IRQHandler
                0x08006598                DMA1_Stream6_IRQHandler
                0x08006598                DMAMUX1_OVR_IRQHandler
                0x08006598                DMA1_Stream1_IRQHandler
                0x08006598                TIM16_IRQHandler
                0x08006598                UART4_IRQHandler
                0x08006598                BDMA_Channel5_IRQHandler
                0x08006598                TIM3_IRQHandler
                0x08006598                RCC_IRQHandler
                0x08006598                TIM8_BRK_TIM12_IRQHandler
                0x08006598                TIM1_TRG_COM_IRQHandler
                0x08006598                Default_Handler
                0x08006598                ECC_IRQHandler
                0x08006598                CEC_IRQHandler
                0x08006598                EXTI15_10_IRQHandler
                0x08006598                BDMA_Channel0_IRQHandler
                0x08006598                ADC_IRQHandler
                0x08006598                DMA1_Stream7_IRQHandler
                0x08006598                HRTIM1_TIMA_IRQHandler
                0x08006598                SPI5_IRQHandler
                0x08006598                TIM7_IRQHandler
                0x08006598                SDMMC1_IRQHandler
                0x08006598                TIM5_IRQHandler
                0x08006598                DMA2_Stream7_IRQHandler
                0x08006598                TIM15_IRQHandler
                0x08006598                PVD_AVD_IRQHandler
                0x08006598                I2C3_EV_IRQHandler
                0x08006598                EXTI9_5_IRQHandler
                0x08006598                RTC_WKUP_IRQHandler
                0x08006598                LTDC_IRQHandler
                0x08006598                SAI3_IRQHandler
                0x08006598                ETH_WKUP_IRQHandler
                0x08006598                SPDIF_RX_IRQHandler
                0x08006598                SPI2_IRQHandler
                0x08006598                OTG_HS_EP1_IN_IRQHandler
                0x08006598                DMA1_Stream0_IRQHandler
                0x08006598                CRS_IRQHandler
                0x08006598                EXTI4_IRQHandler
                0x08006598                HRTIM1_TIMB_IRQHandler
                0x08006598                FDCAN2_IT1_IRQHandler
                0x08006598                ETH_IRQHandler
                0x08006598                TIM1_UP_IRQHandler
                0x08006598                BDMA_Channel4_IRQHandler
                0x08006598                OTG_HS_EP1_OUT_IRQHandler
                0x08006598                WWDG_IRQHandler
                0x08006598                SPI6_IRQHandler
                0x08006598                MDIOS_IRQHandler
                0x08006598                I2C4_EV_IRQHandler
                0x08006598                FDCAN2_IT0_IRQHandler
                0x08006598                LPUART1_IRQHandler
                0x08006598                FDCAN1_IT0_IRQHandler
                0x08006598                TIM2_IRQHandler
                0x08006598                OTG_FS_WKUP_IRQHandler
                0x08006598                OTG_HS_IRQHandler
                0x08006598                DMA2D_IRQHandler
                0x08006598                TIM1_BRK_IRQHandler
                0x08006598                EXTI1_IRQHandler
                0x08006598                SDMMC2_IRQHandler
                0x08006598                OTG_FS_EP1_OUT_IRQHandler
                0x08006598                BDMA_Channel3_IRQHandler
                0x08006598                UART7_IRQHandler
                0x08006598                MDIOS_WKUP_IRQHandler
                0x08006598                DFSDM1_FLT0_IRQHandler
                0x08006598                SAI4_IRQHandler
                0x08006598                I2C2_ER_IRQHandler
                0x08006598                DMA2_Stream1_IRQHandler
                0x08006598                FLASH_IRQHandler
                0x08006598                DMA2_Stream4_IRQHandler
                0x08006598                USART1_IRQHandler
                0x08006598                OTG_FS_IRQHandler
                0x08006598                SPI3_IRQHandler
                0x08006598                WAKEUP_PIN_IRQHandler
                0x08006598                DMA1_Stream4_IRQHandler
                0x08006598                OTG_FS_EP1_IN_IRQHandler
                0x08006598                I2C1_ER_IRQHandler
                0x08006598                FMC_IRQHandler
                0x08006598                FDCAN_CAL_IRQHandler
                0x08006598                SWPMI1_IRQHandler
                0x08006598                COMP1_IRQHandler
                0x08006598                LPTIM1_IRQHandler
                0x08006598                I2C4_ER_IRQHandler
                0x08006598                DMA2_Stream6_IRQHandler
                0x08006598                SAI1_IRQHandler
                0x08006598                DMA1_Stream3_IRQHandler
 *fill*         0x0800659a        0x2 
 .text.__libc_init_array
                0x0800659c       0x48 c:/program files (x86)/gnu arm embedded toolchain/10 2021.10/bin/../lib/gcc/arm-none-eabi/10.3.1/../../../../arm-none-eabi/lib/thumb/v7e-m+dp/hard\libc_nano.a(lib_a-init.o)
                0x0800659c                __libc_init_array
 .text.memset   0x080065e4       0x10 c:/program files (x86)/gnu arm embedded toolchain/10 2021.10/bin/../lib/gcc/arm-none-eabi/10.3.1/../../../../arm-none-eabi/lib/thumb/v7e-m+dp/hard\libc_nano.a(lib_a-memset.o)
                0x080065e4                memset
 *(.glue_7)
 .glue_7        0x080065f4        0x0 linker stubs
 *(.glue_7t)
 .glue_7t       0x080065f4        0x0 linker stubs
 *(.eh_frame)
 .eh_frame      0x080065f4        0x0 c:/program files (x86)/gnu arm embedded toolchain/10 2021.10/bin/../lib/gcc/arm-none-eabi/10.3.1/thumb/v7e-m+dp/hard/crtbegin.o
 *(.init)
 .init          0x080065f4        0x4 c:/program files (x86)/gnu arm embedded toolchain/10 2021.10/bin/../lib/gcc/arm-none-eabi/10.3.1/thumb/v7e-m+dp/hard/crti.o
                0x080065f4                _init
 .init          0x080065f8        0x8 c:/program files (x86)/gnu arm embedded toolchain/10 2021.10/bin/../lib/gcc/arm-none-eabi/10.3.1/thumb/v7e-m+dp/hard/crtn.o
 *(.fini)
 .fini          0x08006600        0x4 c:/program files (x86)/gnu arm embedded toolchain/10 2021.10/bin/../lib/gcc/arm-none-eabi/10.3.1/thumb/v7e-m+dp/hard/crti.o
                0x08006600                _fini
 .fini          0x08006604        0x8 c:/program files (x86)/gnu arm embedded toolchain/10 2021.10/bin/../lib/gcc/arm-none-eabi/10.3.1/thumb/v7e-m+dp/hard/crtn.o
                0x0800660c                . = ALIGN (0x4)
                0x0800660c                _etext = .

.vfp11_veneer   0x0800660c        0x0
 .vfp11_veneer  0x0800660c        0x0 linker stubs

.v4_bx          0x0800660c        0x0
 .v4_bx         0x0800660c        0x0 linker stubs

.iplt           0x0800660c        0x0
 .iplt          0x0800660c        0x0 c:/program files (x86)/gnu arm embedded toolchain/10 2021.10/bin/../lib/gcc/arm-none-eabi/10.3.1/thumb/v7e-m+dp/hard/crtbegin.o

.rodata         0x0800660c       0x4c
                0x0800660c                . = ALIGN (0x4)
 *(.rodata)
 *(.rodata*)
 .rodata.main.str1.4
                0x0800660c       0x11 build/main.o
 *fill*         0x0800661d        0x3 
 .rodata.UARTPrescTable
                0x08006620       0x18 build/stm32h7xx_hal_uart.o
                0x08006620                UARTPrescTable
 .rodata.denominator.0
                0x08006638        0x8 build/stm32h7xx_hal_uart_ex.o
 .rodata.numerator.1
                0x08006640        0x8 build/stm32h7xx_hal_uart_ex.o
 .rodata.D1CorePrescTable
                0x08006648       0x10 build/system_stm32h7xx.o
                0x08006648                D1CorePrescTable
                0x08006658                . = ALIGN (0x4)

.ARM.extab
 *(.ARM.extab* .gnu.linkonce.armextab.*)

.ARM            0x08006658        0x8
                0x08006658                __exidx_start = .
 *(.ARM.exidx*)
 .ARM.exidx     0x08006658        0x8 c:/program files (x86)/gnu arm embedded toolchain/10 2021.10/bin/../lib/gcc/arm-none-eabi/10.3.1/thumb/v7e-m+dp/hard\libgcc.a(_udivmoddi4.o)
                0x08006660                __exidx_end = .

.rel.dyn        0x08006660        0x0
 .rel.iplt      0x08006660        0x0 c:/program files (x86)/gnu arm embedded toolchain/10 2021.10/bin/../lib/gcc/arm-none-eabi/10.3.1/thumb/v7e-m+dp/hard/crtbegin.o

.preinit_array  0x08006660        0x0
                0x08006660                PROVIDE (__preinit_array_start = .)
 *(.preinit_array*)
                0x08006660                PROVIDE (__preinit_array_end = .)

.init_array     0x08006660        0x4
                0x08006660                PROVIDE (__init_array_start = .)
 *(SORT_BY_NAME(.init_array.*))
 *(.init_array*)
 .init_array    0x08006660        0x4 c:/program files (x86)/gnu arm embedded toolchain/10 2021.10/bin/../lib/gcc/arm-none-eabi/10.3.1/thumb/v7e-m+dp/hard/crtbegin.o
                0x08006664                PROVIDE (__init_array_end = .)

.fini_array     0x08006664        0x4
                [!provide]                PROVIDE (__fini_array_start = .)
 *(SORT_BY_NAME(.fini_array.*))
 *(.fini_array*)
 .fini_array    0x08006664        0x4 c:/program files (x86)/gnu arm embedded toolchain/10 2021.10/bin/../lib/gcc/arm-none-eabi/10.3.1/thumb/v7e-m+dp/hard/crtbegin.o
                [!provide]                PROVIDE (__fini_array_end = .)
                0x08006668                _sidata = LOADADDR (.data)

.data           0x20000000       0x10 load address 0x08006668
                0x20000000                . = ALIGN (0x4)
                0x20000000                _sdata = .
 *(.data)
 *(.data*)
 .data.uwTickFreq
                0x20000000        0x1 build/stm32h7xx_hal.o
                0x20000000                uwTickFreq
 *fill*         0x20000001        0x3 
 .data.uwTickPrio
                0x20000004        0x4 build/stm32h7xx_hal.o
                0x20000004                uwTickPrio
 .data.SystemCoreClock
                0x20000008        0x4 build/system_stm32h7xx.o
                0x20000008                SystemCoreClock
 .data.SystemD2Clock
                0x2000000c        0x4 build/system_stm32h7xx.o
                0x2000000c                SystemD2Clock
                0x20000010                . = ALIGN (0x4)
                0x20000010                _edata = .

.igot.plt       0x20000010        0x0 load address 0x08006678
 .igot.plt      0x20000010        0x0 c:/program files (x86)/gnu arm embedded toolchain/10 2021.10/bin/../lib/gcc/arm-none-eabi/10.3.1/thumb/v7e-m+dp/hard/crtbegin.o

.RxDecripSection
                0x20000010       0x60 load address 0x08006678
 .RxDecripSection
                0x20000010       0x60 build/main.o
                0x20000010                DMARxDscrTab

.TxDecripSection
                0x20000070       0x60 load address 0x080066d8
 .TxDecripSection
                0x20000070       0x60 build/main.o
                0x20000070                DMATxDscrTab
                0x200000d0                . = ALIGN (0x4)

.bss            0x200000d0      0xbf8 load address 0x08006738
                0x200000d0                _sbss = .
                0x200000d0                __bss_start__ = _sbss
 *(.bss)
 .bss           0x200000d0       0x1c c:/program files (x86)/gnu arm embedded toolchain/10 2021.10/bin/../lib/gcc/arm-none-eabi/10.3.1/thumb/v7e-m+dp/hard/crtbegin.o
 *(.bss*)
 .bss.MACAddr.0
                0x200000ec        0x6 build/main.o
 *fill*         0x200000f2        0x2 
 .bss.RxFRAME   0x200000f4      0x400 build/main.o
                0x200000f4                RxFRAME
 .bss.RxTempBuf
                0x200004f4        0x1 build/main.o
                0x200004f4                RxTempBuf
 .bss.TRANS_FLAG
                0x200004f5        0x1 build/main.o
                0x200004f5                TRANS_FLAG
 *fill*         0x200004f6        0x2 
 .bss.TxConfig  0x200004f8       0x38 build/main.o
                0x200004f8                TxConfig
 .bss.cnt       0x20000530        0x4 build/main.o
                0x20000530                cnt
 .bss.heth      0x20000534       0xb0 build/main.o
                0x20000534                heth
 .bss.hpcd_USB_OTG_FS
                0x200005e4      0x4e4 build/main.o
                0x200005e4                hpcd_USB_OTG_FS
 .bss.hspi1     0x20000ac8       0x88 build/main.o
                0x20000ac8                hspi1
 .bss.htim1     0x20000b50       0x4c build/main.o
                0x20000b50                htim1
 .bss.huart2    0x20000b9c       0x94 build/main.o
                0x20000b9c                huart2
 .bss.huart3    0x20000c30       0x94 build/main.o
                0x20000c30                huart3
 .bss.uwTick    0x20000cc4        0x4 build/stm32h7xx_hal.o
                0x20000cc4                uwTick
 *(COMMON)
                0x20000cc8                . = ALIGN (0x4)
                0x20000cc8                _ebss = .
                0x20000cc8                __bss_end__ = _ebss

._user_heap_stack
                0x20000cc8      0x600 load address 0x08006738
                0x20000cc8                . = ALIGN (0x8)
                [!provide]                PROVIDE (end = .)
                [!provide]                PROVIDE (_end = .)
                0x20000ec8                . = (. + _Min_Heap_Size)
 *fill*         0x20000cc8      0x200 
                0x200012c8                . = (. + _Min_Stack_Size)
 *fill*         0x20000ec8      0x400 
                0x200012c8                . = ALIGN (0x8)

/DISCARD/
 libc.a(*)
 libm.a(*)
 libgcc.a(*)

.ARM.attributes
                0x00000000       0x2e
 *(.ARM.attributes)
 .ARM.attributes
                0x00000000       0x1e c:/program files (x86)/gnu arm embedded toolchain/10 2021.10/bin/../lib/gcc/arm-none-eabi/10.3.1/thumb/v7e-m+dp/hard/crti.o
 .ARM.attributes
                0x0000001e       0x32 c:/program files (x86)/gnu arm embedded toolchain/10 2021.10/bin/../lib/gcc/arm-none-eabi/10.3.1/thumb/v7e-m+dp/hard/crtbegin.o
 .ARM.attributes
                0x00000050       0x32 build/main.o
 .ARM.attributes
                0x00000082       0x32 build/stm32h7xx_it.o
 .ARM.attributes
                0x000000b4       0x32 build/stm32h7xx_hal_msp.o
 .ARM.attributes
                0x000000e6       0x32 build/stm32h7xx_hal_cortex.o
 .ARM.attributes
                0x00000118       0x32 build/stm32h7xx_hal_eth.o
 .ARM.attributes
                0x0000014a       0x32 build/stm32h7xx_hal_rcc.o
 .ARM.attributes
                0x0000017c       0x32 build/stm32h7xx_hal_rcc_ex.o
 .ARM.attributes
                0x000001ae       0x32 build/stm32h7xx_hal_gpio.o
 .ARM.attributes
                0x000001e0       0x32 build/stm32h7xx_hal_dma.o
 .ARM.attributes
                0x00000212       0x32 build/stm32h7xx_hal_pwr_ex.o
 .ARM.attributes
                0x00000244       0x32 build/stm32h7xx_hal.o
 .ARM.attributes
                0x00000276       0x32 build/stm32h7xx_hal_spi.o
 .ARM.attributes
                0x000002a8       0x32 build/stm32h7xx_hal_tim.o
 .ARM.attributes
                0x000002da       0x32 build/stm32h7xx_hal_tim_ex.o
 .ARM.attributes
                0x0000030c       0x32 build/stm32h7xx_hal_uart.o
 .ARM.attributes
                0x0000033e       0x32 build/stm32h7xx_hal_uart_ex.o
 .ARM.attributes
                0x00000370       0x32 build/stm32h7xx_hal_pcd.o
 .ARM.attributes
                0x000003a2       0x32 build/stm32h7xx_hal_pcd_ex.o
 .ARM.attributes
                0x000003d4       0x32 build/stm32h7xx_ll_usb.o
 .ARM.attributes
                0x00000406       0x32 build/system_stm32h7xx.o
 .ARM.attributes
                0x00000438       0x21 build/startup_stm32h753xx.o
 .ARM.attributes
                0x00000459       0x32 c:/program files (x86)/gnu arm embedded toolchain/10 2021.10/bin/../lib/gcc/arm-none-eabi/10.3.1/../../../../arm-none-eabi/lib/thumb/v7e-m+dp/hard\libc_nano.a(lib_a-init.o)
 .ARM.attributes
                0x0000048b       0x32 c:/program files (x86)/gnu arm embedded toolchain/10 2021.10/bin/../lib/gcc/arm-none-eabi/10.3.1/../../../../arm-none-eabi/lib/thumb/v7e-m+dp/hard\libc_nano.a(lib_a-memset.o)
 .ARM.attributes
                0x000004bd       0x17 c:/program files (x86)/gnu arm embedded toolchain/10 2021.10/bin/../lib/gcc/arm-none-eabi/10.3.1/../../../../arm-none-eabi/lib/thumb/v7e-m+dp/hard\libc_nano.a(lib_a-strlen.o)
 .ARM.attributes
                0x000004d4       0x1e c:/program files (x86)/gnu arm embedded toolchain/10 2021.10/bin/../lib/gcc/arm-none-eabi/10.3.1/thumb/v7e-m+dp/hard\libgcc.a(_aeabi_uldivmod.o)
 .ARM.attributes
                0x000004f2       0x32 c:/program files (x86)/gnu arm embedded toolchain/10 2021.10/bin/../lib/gcc/arm-none-eabi/10.3.1/thumb/v7e-m+dp/hard\libgcc.a(_udivmoddi4.o)
 .ARM.attributes
                0x00000524       0x1e c:/program files (x86)/gnu arm embedded toolchain/10 2021.10/bin/../lib/gcc/arm-none-eabi/10.3.1/thumb/v7e-m+dp/hard\libgcc.a(_dvmd_tls.o)
 .ARM.attributes
                0x00000542       0x1e c:/program files (x86)/gnu arm embedded toolchain/10 2021.10/bin/../lib/gcc/arm-none-eabi/10.3.1/thumb/v7e-m+dp/hard/crtn.o
OUTPUT(build/STM32H7@Cube.elf elf32-littlearm)
LOAD linker stubs
LOAD c:/program files (x86)/gnu arm embedded toolchain/10 2021.10/bin/../lib/gcc/arm-none-eabi/10.3.1/../../../../arm-none-eabi/lib/thumb/v7e-m+dp/hard\libc.a
LOAD c:/program files (x86)/gnu arm embedded toolchain/10 2021.10/bin/../lib/gcc/arm-none-eabi/10.3.1/../../../../arm-none-eabi/lib/thumb/v7e-m+dp/hard\libm.a
LOAD c:/program files (x86)/gnu arm embedded toolchain/10 2021.10/bin/../lib/gcc/arm-none-eabi/10.3.1/thumb/v7e-m+dp/hard\libgcc.a

.debug_info     0x00000000    0x2aabc
 .debug_info    0x00000000     0x40eb build/main.o
 .debug_info    0x000040eb      0xdfb build/stm32h7xx_it.o
 .debug_info    0x00004ee6     0x3bc6 build/stm32h7xx_hal_msp.o
 .debug_info    0x00008aac     0x1563 build/stm32h7xx_hal_cortex.o
 .debug_info    0x0000a00f     0x354d build/stm32h7xx_hal_eth.o
 .debug_info    0x0000d55c     0x13e0 build/stm32h7xx_hal_rcc.o
 .debug_info    0x0000e93c     0x1cf5 build/stm32h7xx_hal_rcc_ex.o
 .debug_info    0x00010631      0xee1 build/stm32h7xx_hal_gpio.o
 .debug_info    0x00011512     0x10c3 build/stm32h7xx_hal_dma.o
 .debug_info    0x000125d5     0x13f3 build/stm32h7xx_hal_pwr_ex.o
 .debug_info    0x000139c8     0x18e4 build/stm32h7xx_hal.o
 .debug_info    0x000152ac     0x1cd2 build/stm32h7xx_hal_spi.o
 .debug_info    0x00016f7e     0x435b build/stm32h7xx_hal_tim.o
 .debug_info    0x0001b2d9     0x2042 build/stm32h7xx_hal_tim_ex.o
 .debug_info    0x0001d31b     0x6a19 build/stm32h7xx_hal_uart.o
 .debug_info    0x00023d34     0x1382 build/stm32h7xx_hal_uart_ex.o
 .debug_info    0x000250b6     0x1d43 build/stm32h7xx_hal_pcd.o
 .debug_info    0x00026df9      0xb31 build/stm32h7xx_hal_pcd_ex.o
 .debug_info    0x0002792a     0x22bb build/stm32h7xx_ll_usb.o
 .debug_info    0x00029be5      0xeb5 build/system_stm32h7xx.o
 .debug_info    0x0002aa9a       0x22 build/startup_stm32h753xx.o

.debug_abbrev   0x00000000     0x35b7
 .debug_abbrev  0x00000000      0x37e build/main.o
 .debug_abbrev  0x0000037e      0x181 build/stm32h7xx_it.o
 .debug_abbrev  0x000004ff      0x27f build/stm32h7xx_hal_msp.o
 .debug_abbrev  0x0000077e      0x395 build/stm32h7xx_hal_cortex.o
 .debug_abbrev  0x00000b13      0x34d build/stm32h7xx_hal_eth.o
 .debug_abbrev  0x00000e60      0x27d build/stm32h7xx_hal_rcc.o
 .debug_abbrev  0x000010dd      0x286 build/stm32h7xx_hal_rcc_ex.o
 .debug_abbrev  0x00001363      0x253 build/stm32h7xx_hal_gpio.o
 .debug_abbrev  0x000015b6      0x2ef build/stm32h7xx_hal_dma.o
 .debug_abbrev  0x000018a5      0x2b6 build/stm32h7xx_hal_pwr_ex.o
 .debug_abbrev  0x00001b5b      0x261 build/stm32h7xx_hal.o
 .debug_abbrev  0x00001dbc      0x2f3 build/stm32h7xx_hal_spi.o
 .debug_abbrev  0x000020af      0x289 build/stm32h7xx_hal_tim.o
 .debug_abbrev  0x00002338      0x29f build/stm32h7xx_hal_tim_ex.o
 .debug_abbrev  0x000025d7      0x363 build/stm32h7xx_hal_uart.o
 .debug_abbrev  0x0000293a      0x311 build/stm32h7xx_hal_uart_ex.o
 .debug_abbrev  0x00002c4b      0x2c4 build/stm32h7xx_hal_pcd.o
 .debug_abbrev  0x00002f0f      0x26c build/stm32h7xx_hal_pcd_ex.o
 .debug_abbrev  0x0000317b      0x300 build/stm32h7xx_ll_usb.o
 .debug_abbrev  0x0000347b      0x12a build/system_stm32h7xx.o
 .debug_abbrev  0x000035a5       0x12 build/startup_stm32h753xx.o

.debug_loc      0x00000000    0x1d84b
 .debug_loc     0x00000000      0x4c0 build/main.o
 .debug_loc     0x000004c0       0x80 build/stm32h7xx_it.o
 .debug_loc     0x00000540      0x488 build/stm32h7xx_hal_msp.o
 .debug_loc     0x000009c8      0x786 build/stm32h7xx_hal_cortex.o
 .debug_loc     0x0000114e     0x1cc2 build/stm32h7xx_hal_eth.o
 .debug_loc     0x00002e10      0xac2 build/stm32h7xx_hal_rcc.o
 .debug_loc     0x000038d2     0x1f9b build/stm32h7xx_hal_rcc_ex.o
 .debug_loc     0x0000586d      0x482 build/stm32h7xx_hal_gpio.o
 .debug_loc     0x00005cef     0x10aa build/stm32h7xx_hal_dma.o
 .debug_loc     0x00006d99      0x65b build/stm32h7xx_hal_pwr_ex.o
 .debug_loc     0x000073f4      0x526 build/stm32h7xx_hal.o
 .debug_loc     0x0000791a     0x1d64 build/stm32h7xx_hal_spi.o
 .debug_loc     0x0000967e     0x62a2 build/stm32h7xx_hal_tim.o
 .debug_loc     0x0000f920     0x2a63 build/stm32h7xx_hal_tim_ex.o
 .debug_loc     0x00012383     0x6376 build/stm32h7xx_hal_uart.o
 .debug_loc     0x000186f9      0xd9d build/stm32h7xx_hal_uart_ex.o
 .debug_loc     0x00019496     0x15ed build/stm32h7xx_hal_pcd.o
 .debug_loc     0x0001aa83      0x28e build/stm32h7xx_hal_pcd_ex.o
 .debug_loc     0x0001ad11     0x2962 build/stm32h7xx_ll_usb.o
 .debug_loc     0x0001d673      0x1d8 build/system_stm32h7xx.o

.debug_aranges  0x00000000     0x1720
 .debug_aranges
                0x00000000       0xa8 build/main.o
 .debug_aranges
                0x000000a8       0x78 build/stm32h7xx_it.o
 .debug_aranges
                0x00000120       0x70 build/stm32h7xx_hal_msp.o
 .debug_aranges
                0x00000190       0xc0 build/stm32h7xx_hal_cortex.o
 .debug_aranges
                0x00000250      0x1d8 build/stm32h7xx_hal_eth.o
 .debug_aranges
                0x00000428       0x88 build/stm32h7xx_hal_rcc.o
 .debug_aranges
                0x000004b0       0xf8 build/stm32h7xx_hal_rcc_ex.o
 .debug_aranges
                0x000005a8       0x58 build/stm32h7xx_hal_gpio.o
 .debug_aranges
                0x00000600       0xa0 build/stm32h7xx_hal_dma.o
 .debug_aranges
                0x000006a0      0x158 build/stm32h7xx_hal_pwr_ex.o
 .debug_aranges
                0x000007f8      0x198 build/stm32h7xx_hal.o
 .debug_aranges
                0x00000990      0x1a8 build/stm32h7xx_hal_spi.o
 .debug_aranges
                0x00000b38      0x3e0 build/stm32h7xx_hal_tim.o
 .debug_aranges
                0x00000f18      0x188 build/stm32h7xx_hal_tim_ex.o
 .debug_aranges
                0x000010a0      0x248 build/stm32h7xx_hal_uart.o
 .debug_aranges
                0x000012e8       0xa8 build/stm32h7xx_hal_uart_ex.o
 .debug_aranges
                0x00001390      0x140 build/stm32h7xx_hal_pcd.o
 .debug_aranges
                0x000014d0       0x60 build/stm32h7xx_hal_pcd_ex.o
 .debug_aranges
                0x00001530      0x1a0 build/stm32h7xx_ll_usb.o
 .debug_aranges
                0x000016d0       0x28 build/system_stm32h7xx.o
 .debug_aranges
                0x000016f8       0x28 build/startup_stm32h753xx.o

.debug_ranges   0x00000000     0x1738
 .debug_ranges  0x00000000       0x98 build/main.o
 .debug_ranges  0x00000098       0x68 build/stm32h7xx_it.o
 .debug_ranges  0x00000100       0x60 build/stm32h7xx_hal_msp.o
 .debug_ranges  0x00000160      0x110 build/stm32h7xx_hal_cortex.o
 .debug_ranges  0x00000270      0x1c8 build/stm32h7xx_hal_eth.o
 .debug_ranges  0x00000438       0xe8 build/stm32h7xx_hal_rcc.o
 .debug_ranges  0x00000520       0xe8 build/stm32h7xx_hal_rcc_ex.o
 .debug_ranges  0x00000608       0x48 build/stm32h7xx_hal_gpio.o
 .debug_ranges  0x00000650       0xa8 build/stm32h7xx_hal_dma.o
 .debug_ranges  0x000006f8      0x1a8 build/stm32h7xx_hal_pwr_ex.o
 .debug_ranges  0x000008a0      0x188 build/stm32h7xx_hal.o
 .debug_ranges  0x00000a28      0x198 build/stm32h7xx_hal_spi.o
 .debug_ranges  0x00000bc0      0x3d0 build/stm32h7xx_hal_tim.o
 .debug_ranges  0x00000f90      0x178 build/stm32h7xx_hal_tim_ex.o
 .debug_ranges  0x00001108      0x238 build/stm32h7xx_hal_uart.o
 .debug_ranges  0x00001340       0xb0 build/stm32h7xx_hal_uart_ex.o
 .debug_ranges  0x000013f0      0x130 build/stm32h7xx_hal_pcd.o
 .debug_ranges  0x00001520       0x50 build/stm32h7xx_hal_pcd_ex.o
 .debug_ranges  0x00001570      0x190 build/stm32h7xx_ll_usb.o
 .debug_ranges  0x00001700       0x18 build/system_stm32h7xx.o
 .debug_ranges  0x00001718       0x20 build/startup_stm32h753xx.o

.debug_line     0x00000000    0x1f77b
 .debug_line    0x00000000      0xc25 build/main.o
 .debug_line    0x00000c25      0x32d build/stm32h7xx_it.o
 .debug_line    0x00000f52      0x75c build/stm32h7xx_hal_msp.o
 .debug_line    0x000016ae      0x7c5 build/stm32h7xx_hal_cortex.o
 .debug_line    0x00001e73     0x1deb build/stm32h7xx_hal_eth.o
 .debug_line    0x00003c5e     0x12cd build/stm32h7xx_hal_rcc.o
 .debug_line    0x00004f2b     0x1fbf build/stm32h7xx_hal_rcc_ex.o
 .debug_line    0x00006eea      0x6c7 build/stm32h7xx_hal_gpio.o
 .debug_line    0x000075b1     0x244b build/stm32h7xx_hal_dma.o
 .debug_line    0x000099fc      0xaa5 build/stm32h7xx_hal_pwr_ex.o
 .debug_line    0x0000a4a1      0x8d0 build/stm32h7xx_hal.o
 .debug_line    0x0000ad71     0x2999 build/stm32h7xx_hal_spi.o
 .debug_line    0x0000d70a     0x5066 build/stm32h7xx_hal_tim.o
 .debug_line    0x00012770     0x1f12 build/stm32h7xx_hal_tim_ex.o
 .debug_line    0x00014682     0x66d5 build/stm32h7xx_hal_uart.o
 .debug_line    0x0001ad57      0xc7c build/stm32h7xx_hal_uart_ex.o
 .debug_line    0x0001b9d3     0x1545 build/stm32h7xx_hal_pcd.o
 .debug_line    0x0001cf18      0x4a3 build/stm32h7xx_hal_pcd_ex.o
 .debug_line    0x0001d3bb     0x1ef3 build/stm32h7xx_ll_usb.o
 .debug_line    0x0001f2ae      0x457 build/system_stm32h7xx.o
 .debug_line    0x0001f705       0x76 build/startup_stm32h753xx.o

.debug_str      0x00000000     0x8d32
 .debug_str     0x00000000     0x214c build/main.o
                               0x2359 (size before relaxing)
 .debug_str     0x0000214c      0x10f build/stm32h7xx_it.o
                                0xad9 (size before relaxing)
 .debug_str     0x0000225b      0xccc build/stm32h7xx_hal_msp.o
                               0x2945 (size before relaxing)
 .debug_str     0x00002f27      0x5b1 build/stm32h7xx_hal_cortex.o
                               0x108d (size before relaxing)
 .debug_str     0x000034d8      0xc51 build/stm32h7xx_hal_eth.o
                               0x1b5a (size before relaxing)
 .debug_str     0x00004129      0x358 build/stm32h7xx_hal_rcc.o
                                0xa18 (size before relaxing)
 .debug_str     0x00004481      0x64d build/stm32h7xx_hal_rcc_ex.o
                                0xf23 (size before relaxing)
 .debug_str     0x00004ace       0xe5 build/stm32h7xx_hal_gpio.o
                                0x6d2 (size before relaxing)
 .debug_str     0x00004bb3      0x425 build/stm32h7xx_hal_dma.o
                                0x9c9 (size before relaxing)
 .debug_str     0x00004fd8      0x527 build/stm32h7xx_hal_pwr_ex.o
                                0xa47 (size before relaxing)
 .debug_str     0x000054ff      0x5bd build/stm32h7xx_hal.o
                               0x14bd (size before relaxing)
 .debug_str     0x00005abc      0x4f9 build/stm32h7xx_hal_spi.o
                                0xdd2 (size before relaxing)
 .debug_str     0x00005fb5      0xe67 build/stm32h7xx_hal_tim.o
                               0x1831 (size before relaxing)
 .debug_str     0x00006e1c      0x61e build/stm32h7xx_hal_tim_ex.o
                               0x113e (size before relaxing)
 .debug_str     0x0000743a      0x83d build/stm32h7xx_hal_uart.o
                               0x14b1 (size before relaxing)
 .debug_str     0x00007c77      0x233 build/stm32h7xx_hal_uart_ex.o
                                0xb9a (size before relaxing)
 .debug_str     0x00007eaa      0x7b4 build/stm32h7xx_hal_pcd.o
                                0xe13 (size before relaxing)
 .debug_str     0x0000865e      0x1a7 build/stm32h7xx_hal_pcd_ex.o
                                0x836 (size before relaxing)
 .debug_str     0x00008805      0x4cc build/stm32h7xx_ll_usb.o
                                0xd92 (size before relaxing)
 .debug_str     0x00008cd1       0x3d build/system_stm32h7xx.o
                                0x72d (size before relaxing)
 .debug_str     0x00008d0e       0x24 build/startup_stm32h753xx.o
                                 0x66 (size before relaxing)

.comment        0x00000000       0x49
 .comment       0x00000000       0x49 build/main.o
                                 0x4a (size before relaxing)
 .comment       0x00000049       0x4a build/stm32h7xx_it.o
 .comment       0x00000049       0x4a build/stm32h7xx_hal_msp.o
 .comment       0x00000049       0x4a build/stm32h7xx_hal_cortex.o
 .comment       0x00000049       0x4a build/stm32h7xx_hal_eth.o
 .comment       0x00000049       0x4a build/stm32h7xx_hal_rcc.o
 .comment       0x00000049       0x4a build/stm32h7xx_hal_rcc_ex.o
 .comment       0x00000049       0x4a build/stm32h7xx_hal_gpio.o
 .comment       0x00000049       0x4a build/stm32h7xx_hal_dma.o
 .comment       0x00000049       0x4a build/stm32h7xx_hal_pwr_ex.o
 .comment       0x00000049       0x4a build/stm32h7xx_hal.o
 .comment       0x00000049       0x4a build/stm32h7xx_hal_spi.o
 .comment       0x00000049       0x4a build/stm32h7xx_hal_tim.o
 .comment       0x00000049       0x4a build/stm32h7xx_hal_tim_ex.o
 .comment       0x00000049       0x4a build/stm32h7xx_hal_uart.o
 .comment       0x00000049       0x4a build/stm32h7xx_hal_uart_ex.o
 .comment       0x00000049       0x4a build/stm32h7xx_hal_pcd.o
 .comment       0x00000049       0x4a build/stm32h7xx_hal_pcd_ex.o
 .comment       0x00000049       0x4a build/stm32h7xx_ll_usb.o
 .comment       0x00000049       0x4a build/system_stm32h7xx.o

.debug_frame    0x00000000     0x3e50
 .debug_frame   0x00000000      0x1e4 build/main.o
 .debug_frame   0x000001e4       0xf0 build/stm32h7xx_it.o
 .debug_frame   0x000002d4      0x148 build/stm32h7xx_hal_msp.o
 .debug_frame   0x0000041c      0x178 build/stm32h7xx_hal_cortex.o
 .debug_frame   0x00000594      0x4ec build/stm32h7xx_hal_eth.o
 .debug_frame   0x00000a80      0x18c build/stm32h7xx_hal_rcc.o
 .debug_frame   0x00000c0c      0x26c build/stm32h7xx_hal_rcc_ex.o
 .debug_frame   0x00000e78       0xd4 build/stm32h7xx_hal_gpio.o
 .debug_frame   0x00000f4c      0x1fc build/stm32h7xx_hal_dma.o
 .debug_frame   0x00001148      0x2f4 build/stm32h7xx_hal_pwr_ex.o
 .debug_frame   0x0000143c      0x360 build/stm32h7xx_hal.o
 .debug_frame   0x0000179c      0x4bc build/stm32h7xx_hal_spi.o
 .debug_frame   0x00001c58      0xb70 build/stm32h7xx_hal_tim.o
 .debug_frame   0x000027c8      0x480 build/stm32h7xx_hal_tim_ex.o
 .debug_frame   0x00002c48      0x680 build/stm32h7xx_hal_uart.o
 .debug_frame   0x000032c8      0x1c8 build/stm32h7xx_hal_uart_ex.o
 .debug_frame   0x00003490      0x378 build/stm32h7xx_hal_pcd.o
 .debug_frame   0x00003808       0xb8 build/stm32h7xx_hal_pcd_ex.o
 .debug_frame   0x000038c0      0x4a8 build/stm32h7xx_ll_usb.o
 .debug_frame   0x00003d68       0x3c build/system_stm32h7xx.o
 .debug_frame   0x00003da4       0x2c c:/program files (x86)/gnu arm embedded toolchain/10 2021.10/bin/../lib/gcc/arm-none-eabi/10.3.1/../../../../arm-none-eabi/lib/thumb/v7e-m+dp/hard\libc_nano.a(lib_a-init.o)
 .debug_frame   0x00003dd0       0x20 c:/program files (x86)/gnu arm embedded toolchain/10 2021.10/bin/../lib/gcc/arm-none-eabi/10.3.1/../../../../arm-none-eabi/lib/thumb/v7e-m+dp/hard\libc_nano.a(lib_a-memset.o)
 .debug_frame   0x00003df0       0x2c c:/program files (x86)/gnu arm embedded toolchain/10 2021.10/bin/../lib/gcc/arm-none-eabi/10.3.1/thumb/v7e-m+dp/hard\libgcc.a(_aeabi_uldivmod.o)
 .debug_frame   0x00003e1c       0x34 c:/program files (x86)/gnu arm embedded toolchain/10 2021.10/bin/../lib/gcc/arm-none-eabi/10.3.1/thumb/v7e-m+dp/hard\libgcc.a(_udivmoddi4.o)

Cross Reference Table

Symbol                                            File
ADC3_IRQHandler                                   build/startup_stm32h753xx.o
ADC_IRQHandler                                    build/startup_stm32h753xx.o
BDMA_Channel0_IRQHandler                          build/startup_stm32h753xx.o
BDMA_Channel1_IRQHandler                          build/startup_stm32h753xx.o
BDMA_Channel2_IRQHandler                          build/startup_stm32h753xx.o
BDMA_Channel3_IRQHandler                          build/startup_stm32h753xx.o
BDMA_Channel4_IRQHandler                          build/startup_stm32h753xx.o
BDMA_Channel5_IRQHandler                          build/startup_stm32h753xx.o
BDMA_Channel6_IRQHandler                          build/startup_stm32h753xx.o
BDMA_Channel7_IRQHandler                          build/startup_stm32h753xx.o
BusFault_Handler                                  build/stm32h7xx_it.o
CEC_IRQHandler                                    build/startup_stm32h753xx.o
COMP1_IRQHandler                                  build/startup_stm32h753xx.o
CRS_IRQHandler                                    build/startup_stm32h753xx.o
CRYP_IRQHandler                                   build/startup_stm32h753xx.o
D1CorePrescTable                                  build/system_stm32h7xx.o
                                                  build/stm32h7xx_hal.o
                                                  build/stm32h7xx_hal_rcc_ex.o
                                                  build/stm32h7xx_hal_rcc.o
DCMI_IRQHandler                                   build/startup_stm32h753xx.o
DFSDM1_FLT0_IRQHandler                            build/startup_stm32h753xx.o
DFSDM1_FLT1_IRQHandler                            build/startup_stm32h753xx.o
DFSDM1_FLT2_IRQHandler                            build/startup_stm32h753xx.o
DFSDM1_FLT3_IRQHandler                            build/startup_stm32h753xx.o
DMA1_Stream0_IRQHandler                           build/startup_stm32h753xx.o
DMA1_Stream1_IRQHandler                           build/startup_stm32h753xx.o
DMA1_Stream2_IRQHandler                           build/startup_stm32h753xx.o
DMA1_Stream3_IRQHandler                           build/startup_stm32h753xx.o
DMA1_Stream4_IRQHandler                           build/startup_stm32h753xx.o
DMA1_Stream5_IRQHandler                           build/startup_stm32h753xx.o
DMA1_Stream6_IRQHandler                           build/startup_stm32h753xx.o
DMA1_Stream7_IRQHandler                           build/startup_stm32h753xx.o
DMA2D_IRQHandler                                  build/startup_stm32h753xx.o
DMA2_Stream0_IRQHandler                           build/startup_stm32h753xx.o
DMA2_Stream1_IRQHandler                           build/startup_stm32h753xx.o
DMA2_Stream2_IRQHandler                           build/startup_stm32h753xx.o
DMA2_Stream3_IRQHandler                           build/startup_stm32h753xx.o
DMA2_Stream4_IRQHandler                           build/startup_stm32h753xx.o
DMA2_Stream5_IRQHandler                           build/startup_stm32h753xx.o
DMA2_Stream6_IRQHandler                           build/startup_stm32h753xx.o
DMA2_Stream7_IRQHandler                           build/startup_stm32h753xx.o
DMAMUX1_OVR_IRQHandler                            build/startup_stm32h753xx.o
DMAMUX2_OVR_IRQHandler                            build/startup_stm32h753xx.o
DMARxDscrTab                                      build/main.o
DMATxDscrTab                                      build/main.o
DebugMon_Handler                                  build/stm32h7xx_it.o
Default_Handler                                   build/startup_stm32h753xx.o
DrawFullScreen                                    build/main.o
ECC_IRQHandler                                    build/startup_stm32h753xx.o
ETH_IRQHandler                                    build/startup_stm32h753xx.o
ETH_WKUP_IRQHandler                               build/startup_stm32h753xx.o
EXTI0_IRQHandler                                  build/startup_stm32h753xx.o
EXTI15_10_IRQHandler                              build/startup_stm32h753xx.o
EXTI1_IRQHandler                                  build/startup_stm32h753xx.o
EXTI2_IRQHandler                                  build/startup_stm32h753xx.o
EXTI3_IRQHandler                                  build/startup_stm32h753xx.o
EXTI4_IRQHandler                                  build/startup_stm32h753xx.o
EXTI9_5_IRQHandler                                build/startup_stm32h753xx.o
Error_Handler                                     build/main.o
                                                  build/stm32h7xx_hal_msp.o
FDCAN1_IT0_IRQHandler                             build/startup_stm32h753xx.o
FDCAN1_IT1_IRQHandler                             build/startup_stm32h753xx.o
FDCAN2_IT0_IRQHandler                             build/startup_stm32h753xx.o
FDCAN2_IT1_IRQHandler                             build/startup_stm32h753xx.o
FDCAN_CAL_IRQHandler                              build/startup_stm32h753xx.o
FLASH_CRC_WaitForLastOperation                    build/stm32h7xx_hal_flash.o
                                                  build/stm32h7xx_hal_flash_ex.o
FLASH_Erase_Sector                                build/stm32h7xx_hal_flash_ex.o
                                                  build/stm32h7xx_hal_flash.o
FLASH_IRQHandler                                  build/startup_stm32h753xx.o
FLASH_OB_WaitForLastOperation                     build/stm32h7xx_hal_flash.o
                                                  build/stm32h7xx_hal_flash_ex.o
FLASH_WaitForLastOperation                        build/stm32h7xx_hal_flash.o
                                                  build/stm32h7xx_hal_flash_ex.o
FMC_IRQHandler                                    build/startup_stm32h753xx.o
FPU_IRQHandler                                    build/startup_stm32h753xx.o
HAL_DBGMCU_DisableDBGSleepMode                    build/stm32h7xx_hal.o
HAL_DBGMCU_DisableDBGStandbyMode                  build/stm32h7xx_hal.o
HAL_DBGMCU_DisableDBGStopMode                     build/stm32h7xx_hal.o
HAL_DBGMCU_EnableDBGSleepMode                     build/stm32h7xx_hal.o
HAL_DBGMCU_EnableDBGStandbyMode                   build/stm32h7xx_hal.o
HAL_DBGMCU_EnableDBGStopMode                      build/stm32h7xx_hal.o
HAL_DMAEx_ChangeMemory                            build/stm32h7xx_hal_dma_ex.o
HAL_DMAEx_ConfigMuxRequestGenerator               build/stm32h7xx_hal_dma_ex.o
HAL_DMAEx_ConfigMuxSync                           build/stm32h7xx_hal_dma_ex.o
HAL_DMAEx_DisableMuxRequestGenerator              build/stm32h7xx_hal_dma_ex.o
HAL_DMAEx_EnableMuxRequestGenerator               build/stm32h7xx_hal_dma_ex.o
HAL_DMAEx_MUX_IRQHandler                          build/stm32h7xx_hal_dma_ex.o
HAL_DMAEx_MultiBufferStart                        build/stm32h7xx_hal_dma_ex.o
HAL_DMAEx_MultiBufferStart_IT                     build/stm32h7xx_hal_dma_ex.o
HAL_DMA_Abort                                     build/stm32h7xx_hal_dma.o
                                                  build/stm32h7xx_hal_uart.o
                                                  build/stm32h7xx_hal_spi.o
HAL_DMA_Abort_IT                                  build/stm32h7xx_hal_dma.o
                                                  build/stm32h7xx_hal_uart.o
                                                  build/stm32h7xx_hal_tim_ex.o
                                                  build/stm32h7xx_hal_tim.o
                                                  build/stm32h7xx_hal_spi.o
                                                  build/stm32h7xx_hal_i2c.o
HAL_DMA_DeInit                                    build/stm32h7xx_hal_dma.o
HAL_DMA_GetError                                  build/stm32h7xx_hal_dma.o
                                                  build/stm32h7xx_hal_uart.o
                                                  build/stm32h7xx_hal_spi.o
                                                  build/stm32h7xx_hal_i2c.o
HAL_DMA_GetState                                  build/stm32h7xx_hal_dma.o
                                                  build/stm32h7xx_hal_i2c.o
HAL_DMA_IRQHandler                                build/stm32h7xx_hal_dma.o
HAL_DMA_Init                                      build/stm32h7xx_hal_dma.o
HAL_DMA_PollForTransfer                           build/stm32h7xx_hal_dma.o
HAL_DMA_RegisterCallback                          build/stm32h7xx_hal_dma.o
HAL_DMA_Start                                     build/stm32h7xx_hal_dma.o
HAL_DMA_Start_IT                                  build/stm32h7xx_hal_dma.o
                                                  build/stm32h7xx_hal_uart.o
                                                  build/stm32h7xx_hal_tim_ex.o
                                                  build/stm32h7xx_hal_tim.o
                                                  build/stm32h7xx_hal_spi.o
                                                  build/stm32h7xx_hal_i2c.o
HAL_DMA_UnRegisterCallback                        build/stm32h7xx_hal_dma.o
HAL_DeInit                                        build/stm32h7xx_hal.o
HAL_Delay                                         build/stm32h7xx_hal.o
                                                  build/stm32h7xx_ll_usb.o
                                                  build/stm32h7xx_hal_pcd_ex.o
                                                  build/main.o
HAL_DisableCompensationCell                       build/stm32h7xx_hal.o
HAL_ETHEx_DisableARPOffload                       build/stm32h7xx_hal_eth_ex.o
HAL_ETHEx_DisableL3L4Filtering                    build/stm32h7xx_hal_eth_ex.o
HAL_ETHEx_DisableVLANProcessing                   build/stm32h7xx_hal_eth_ex.o
HAL_ETHEx_EnableARPOffload                        build/stm32h7xx_hal_eth_ex.o
HAL_ETHEx_EnableL3L4Filtering                     build/stm32h7xx_hal_eth_ex.o
HAL_ETHEx_EnableVLANProcessing                    build/stm32h7xx_hal_eth_ex.o
HAL_ETHEx_EnterLPIMode                            build/stm32h7xx_hal_eth_ex.o
HAL_ETHEx_ExitLPIMode                             build/stm32h7xx_hal_eth_ex.o
HAL_ETHEx_GetL3FilterConfig                       build/stm32h7xx_hal_eth_ex.o
HAL_ETHEx_GetL4FilterConfig                       build/stm32h7xx_hal_eth_ex.o
HAL_ETHEx_GetMACLPIEvent                          build/stm32h7xx_hal_eth_ex.o
HAL_ETHEx_GetRxVLANConfig                         build/stm32h7xx_hal_eth_ex.o
HAL_ETHEx_GetTxVLANConfig                         build/stm32h7xx_hal_eth_ex.o
HAL_ETHEx_SetARPAddressMatch                      build/stm32h7xx_hal_eth_ex.o
HAL_ETHEx_SetL3FilterConfig                       build/stm32h7xx_hal_eth_ex.o
HAL_ETHEx_SetL4FilterConfig                       build/stm32h7xx_hal_eth_ex.o
HAL_ETHEx_SetRxVLANConfig                         build/stm32h7xx_hal_eth_ex.o
HAL_ETHEx_SetTxVLANConfig                         build/stm32h7xx_hal_eth_ex.o
HAL_ETHEx_SetTxVLANIdentifier                     build/stm32h7xx_hal_eth_ex.o
HAL_ETHEx_SetVLANHashTable                        build/stm32h7xx_hal_eth_ex.o
HAL_ETH_DeInit                                    build/stm32h7xx_hal_eth.o
HAL_ETH_EEECallback                               build/stm32h7xx_hal_eth.o
HAL_ETH_EnterPowerDownMode                        build/stm32h7xx_hal_eth.o
HAL_ETH_ErrorCallback                             build/stm32h7xx_hal_eth.o
HAL_ETH_ExitPowerDownMode                         build/stm32h7xx_hal_eth.o
HAL_ETH_GetDMAConfig                              build/stm32h7xx_hal_eth.o
HAL_ETH_GetDMAError                               build/stm32h7xx_hal_eth.o
HAL_ETH_GetError                                  build/stm32h7xx_hal_eth.o
HAL_ETH_GetMACConfig                              build/stm32h7xx_hal_eth.o
HAL_ETH_GetMACError                               build/stm32h7xx_hal_eth.o
HAL_ETH_GetMACFilterConfig                        build/stm32h7xx_hal_eth.o
HAL_ETH_GetMACWakeUpSource                        build/stm32h7xx_hal_eth.o
HAL_ETH_GetRxDataErrorCode                        build/stm32h7xx_hal_eth.o
HAL_ETH_GetState                                  build/stm32h7xx_hal_eth.o
HAL_ETH_IRQHandler                                build/stm32h7xx_hal_eth.o
HAL_ETH_Init                                      build/stm32h7xx_hal_eth.o
                                                  build/main.o
HAL_ETH_MspDeInit                                 build/stm32h7xx_hal_msp.o
HAL_ETH_MspInit                                   build/stm32h7xx_hal_msp.o
HAL_ETH_PMTCallback                               build/stm32h7xx_hal_eth.o
HAL_ETH_ReadData                                  build/stm32h7xx_hal_eth.o
HAL_ETH_ReadPHYRegister                           build/stm32h7xx_hal_eth.o
HAL_ETH_RegisterRxAllocateCallback                build/stm32h7xx_hal_eth.o
HAL_ETH_RegisterRxLinkCallback                    build/stm32h7xx_hal_eth.o
HAL_ETH_RegisterTxFreeCallback                    build/stm32h7xx_hal_eth.o
HAL_ETH_ReleaseTxPacket                           build/stm32h7xx_hal_eth.o
HAL_ETH_RxAllocateCallback                        build/stm32h7xx_hal_eth.o
HAL_ETH_RxCpltCallback                            build/stm32h7xx_hal_eth.o
HAL_ETH_RxLinkCallback                            build/stm32h7xx_hal_eth.o
HAL_ETH_SetDMAConfig                              build/stm32h7xx_hal_eth.o
HAL_ETH_SetHashTable                              build/stm32h7xx_hal_eth.o
HAL_ETH_SetMACConfig                              build/stm32h7xx_hal_eth.o
HAL_ETH_SetMACFilterConfig                        build/stm32h7xx_hal_eth.o
HAL_ETH_SetMDIOClockRange                         build/stm32h7xx_hal_eth.o
HAL_ETH_SetRxVLANIdentifier                       build/stm32h7xx_hal_eth.o
HAL_ETH_SetSourceMACAddrMatch                     build/stm32h7xx_hal_eth.o
HAL_ETH_SetWakeUpFilter                           build/stm32h7xx_hal_eth.o
HAL_ETH_Start                                     build/stm32h7xx_hal_eth.o
HAL_ETH_Start_IT                                  build/stm32h7xx_hal_eth.o
HAL_ETH_Stop                                      build/stm32h7xx_hal_eth.o
HAL_ETH_Stop_IT                                   build/stm32h7xx_hal_eth.o
HAL_ETH_Transmit                                  build/stm32h7xx_hal_eth.o
HAL_ETH_Transmit_IT                               build/stm32h7xx_hal_eth.o
HAL_ETH_TxCpltCallback                            build/stm32h7xx_hal_eth.o
HAL_ETH_TxFreeCallback                            build/stm32h7xx_hal_eth.o
HAL_ETH_UnRegisterRxAllocateCallback              build/stm32h7xx_hal_eth.o
HAL_ETH_UnRegisterRxLinkCallback                  build/stm32h7xx_hal_eth.o
HAL_ETH_UnRegisterTxFreeCallback                  build/stm32h7xx_hal_eth.o
HAL_ETH_WakeUpCallback                            build/stm32h7xx_hal_eth.o
HAL_ETH_WritePHYRegister                          build/stm32h7xx_hal_eth.o
HAL_EXTI_ClearConfigLine                          build/stm32h7xx_hal_exti.o
HAL_EXTI_ClearPending                             build/stm32h7xx_hal_exti.o
HAL_EXTI_D1_ClearFlag                             build/stm32h7xx_hal.o
HAL_EXTI_D1_EventInputConfig                      build/stm32h7xx_hal.o
HAL_EXTI_D3_EventInputConfig                      build/stm32h7xx_hal.o
HAL_EXTI_EdgeConfig                               build/stm32h7xx_hal.o
HAL_EXTI_GenerateSWI                              build/stm32h7xx_hal_exti.o
HAL_EXTI_GenerateSWInterrupt                      build/stm32h7xx_hal.o
HAL_EXTI_GetConfigLine                            build/stm32h7xx_hal_exti.o
HAL_EXTI_GetHandle                                build/stm32h7xx_hal_exti.o
HAL_EXTI_GetPending                               build/stm32h7xx_hal_exti.o
HAL_EXTI_IRQHandler                               build/stm32h7xx_hal_exti.o
HAL_EXTI_RegisterCallback                         build/stm32h7xx_hal_exti.o
HAL_EXTI_SetConfigLine                            build/stm32h7xx_hal_exti.o
HAL_EnableCompensationCell                        build/stm32h7xx_hal.o
HAL_FLASHEx_ComputeCRC                            build/stm32h7xx_hal_flash_ex.o
HAL_FLASHEx_Erase                                 build/stm32h7xx_hal_flash_ex.o
HAL_FLASHEx_Erase_IT                              build/stm32h7xx_hal_flash_ex.o
HAL_FLASHEx_Lock_Bank1                            build/stm32h7xx_hal_flash_ex.o
HAL_FLASHEx_Lock_Bank2                            build/stm32h7xx_hal_flash_ex.o
HAL_FLASHEx_OBGetConfig                           build/stm32h7xx_hal_flash_ex.o
HAL_FLASHEx_OBProgram                             build/stm32h7xx_hal_flash_ex.o
HAL_FLASHEx_Unlock_Bank1                          build/stm32h7xx_hal_flash_ex.o
HAL_FLASHEx_Unlock_Bank2                          build/stm32h7xx_hal_flash_ex.o
HAL_FLASH_EndOfOperationCallback                  build/stm32h7xx_hal_flash.o
HAL_FLASH_GetError                                build/stm32h7xx_hal_flash.o
HAL_FLASH_IRQHandler                              build/stm32h7xx_hal_flash.o
HAL_FLASH_Lock                                    build/stm32h7xx_hal_flash.o
HAL_FLASH_OB_Launch                               build/stm32h7xx_hal_flash.o
HAL_FLASH_OB_Lock                                 build/stm32h7xx_hal_flash.o
HAL_FLASH_OB_Unlock                               build/stm32h7xx_hal_flash.o
HAL_FLASH_OperationErrorCallback                  build/stm32h7xx_hal_flash.o
HAL_FLASH_Program                                 build/stm32h7xx_hal_flash.o
HAL_FLASH_Program_IT                              build/stm32h7xx_hal_flash.o
HAL_FLASH_Unlock                                  build/stm32h7xx_hal_flash.o
HAL_GPIO_DeInit                                   build/stm32h7xx_hal_gpio.o
                                                  build/stm32h7xx_hal_msp.o
HAL_GPIO_EXTI_Callback                            build/stm32h7xx_hal_gpio.o
HAL_GPIO_EXTI_IRQHandler                          build/stm32h7xx_hal_gpio.o
HAL_GPIO_Init                                     build/stm32h7xx_hal_gpio.o
                                                  build/stm32h7xx_hal_rcc.o
                                                  build/stm32h7xx_hal_msp.o
                                                  build/main.o
HAL_GPIO_LockPin                                  build/stm32h7xx_hal_gpio.o
HAL_GPIO_ReadPin                                  build/stm32h7xx_hal_gpio.o
HAL_GPIO_TogglePin                                build/stm32h7xx_hal_gpio.o
HAL_GPIO_WritePin                                 build/stm32h7xx_hal_gpio.o
                                                  build/main.o
HAL_GetCurrentCPUID                               build/stm32h7xx_hal_cortex.o
HAL_GetDEVID                                      build/stm32h7xx_hal.o
HAL_GetFMCMemorySwappingConfig                    build/stm32h7xx_hal.o
HAL_GetHalVersion                                 build/stm32h7xx_hal.o
HAL_GetREVID                                      build/stm32h7xx_hal.o
                                                  build/stm32h7xx_hal_rcc_ex.o
                                                  build/stm32h7xx_hal_rcc.o
HAL_GetTick                                       build/stm32h7xx_hal.o
                                                  build/stm32h7xx_hal_pcd_ex.o
                                                  build/stm32h7xx_hal_uart_ex.o
                                                  build/stm32h7xx_hal_uart.o
                                                  build/stm32h7xx_hal_spi.o
                                                  build/stm32h7xx_hal_i2c.o
                                                  build/stm32h7xx_hal_pwr_ex.o
                                                  build/stm32h7xx_hal_mdma.o
                                                  build/stm32h7xx_hal_dma.o
                                                  build/stm32h7xx_hal_flash.o
                                                  build/stm32h7xx_hal_rcc_ex.o
                                                  build/stm32h7xx_hal_rcc.o
                                                  build/stm32h7xx_hal_eth.o
HAL_GetTickFreq                                   build/stm32h7xx_hal.o
HAL_GetTickPrio                                   build/stm32h7xx_hal.o
HAL_GetUIDw0                                      build/stm32h7xx_hal.o
HAL_GetUIDw1                                      build/stm32h7xx_hal.o
HAL_GetUIDw2                                      build/stm32h7xx_hal.o
HAL_HSEM_ActivateNotification                     build/stm32h7xx_hal_hsem.o
HAL_HSEM_DeactivateNotification                   build/stm32h7xx_hal_hsem.o
HAL_HSEM_FastTake                                 build/stm32h7xx_hal_hsem.o
HAL_HSEM_FreeCallback                             build/stm32h7xx_hal_hsem.o
HAL_HSEM_GetClearKey                              build/stm32h7xx_hal_hsem.o
HAL_HSEM_IRQHandler                               build/stm32h7xx_hal_hsem.o
HAL_HSEM_IsSemTaken                               build/stm32h7xx_hal_hsem.o
HAL_HSEM_Release                                  build/stm32h7xx_hal_hsem.o
HAL_HSEM_ReleaseAll                               build/stm32h7xx_hal_hsem.o
HAL_HSEM_SetClearKey                              build/stm32h7xx_hal_hsem.o
HAL_HSEM_Take                                     build/stm32h7xx_hal_hsem.o
HAL_HalfDuplex_EnableReceiver                     build/stm32h7xx_hal_uart.o
HAL_HalfDuplex_EnableTransmitter                  build/stm32h7xx_hal_uart.o
HAL_HalfDuplex_Init                               build/stm32h7xx_hal_uart.o
HAL_I2CEx_ConfigAnalogFilter                      build/stm32h7xx_hal_i2c_ex.o
HAL_I2CEx_ConfigDigitalFilter                     build/stm32h7xx_hal_i2c_ex.o
HAL_I2CEx_DisableFastModePlus                     build/stm32h7xx_hal_i2c_ex.o
HAL_I2CEx_DisableWakeUp                           build/stm32h7xx_hal_i2c_ex.o
HAL_I2CEx_EnableFastModePlus                      build/stm32h7xx_hal_i2c_ex.o
HAL_I2CEx_EnableWakeUp                            build/stm32h7xx_hal_i2c_ex.o
HAL_I2C_AbortCpltCallback                         build/stm32h7xx_hal_i2c.o
HAL_I2C_AddrCallback                              build/stm32h7xx_hal_i2c.o
HAL_I2C_DeInit                                    build/stm32h7xx_hal_i2c.o
HAL_I2C_DisableListen_IT                          build/stm32h7xx_hal_i2c.o
HAL_I2C_ER_IRQHandler                             build/stm32h7xx_hal_i2c.o
HAL_I2C_EV_IRQHandler                             build/stm32h7xx_hal_i2c.o
HAL_I2C_EnableListen_IT                           build/stm32h7xx_hal_i2c.o
HAL_I2C_ErrorCallback                             build/stm32h7xx_hal_i2c.o
HAL_I2C_GetError                                  build/stm32h7xx_hal_i2c.o
HAL_I2C_GetMode                                   build/stm32h7xx_hal_i2c.o
HAL_I2C_GetState                                  build/stm32h7xx_hal_i2c.o
HAL_I2C_Init                                      build/stm32h7xx_hal_i2c.o
HAL_I2C_IsDeviceReady                             build/stm32h7xx_hal_i2c.o
HAL_I2C_ListenCpltCallback                        build/stm32h7xx_hal_i2c.o
HAL_I2C_MasterRxCpltCallback                      build/stm32h7xx_hal_i2c.o
HAL_I2C_MasterTxCpltCallback                      build/stm32h7xx_hal_i2c.o
HAL_I2C_Master_Abort_IT                           build/stm32h7xx_hal_i2c.o
HAL_I2C_Master_Receive                            build/stm32h7xx_hal_i2c.o
HAL_I2C_Master_Receive_DMA                        build/stm32h7xx_hal_i2c.o
HAL_I2C_Master_Receive_IT                         build/stm32h7xx_hal_i2c.o
HAL_I2C_Master_Seq_Receive_DMA                    build/stm32h7xx_hal_i2c.o
HAL_I2C_Master_Seq_Receive_IT                     build/stm32h7xx_hal_i2c.o
HAL_I2C_Master_Seq_Transmit_DMA                   build/stm32h7xx_hal_i2c.o
HAL_I2C_Master_Seq_Transmit_IT                    build/stm32h7xx_hal_i2c.o
HAL_I2C_Master_Transmit                           build/stm32h7xx_hal_i2c.o
HAL_I2C_Master_Transmit_DMA                       build/stm32h7xx_hal_i2c.o
HAL_I2C_Master_Transmit_IT                        build/stm32h7xx_hal_i2c.o
HAL_I2C_MemRxCpltCallback                         build/stm32h7xx_hal_i2c.o
HAL_I2C_MemTxCpltCallback                         build/stm32h7xx_hal_i2c.o
HAL_I2C_Mem_Read                                  build/stm32h7xx_hal_i2c.o
HAL_I2C_Mem_Read_DMA                              build/stm32h7xx_hal_i2c.o
HAL_I2C_Mem_Read_IT                               build/stm32h7xx_hal_i2c.o
HAL_I2C_Mem_Write                                 build/stm32h7xx_hal_i2c.o
HAL_I2C_Mem_Write_DMA                             build/stm32h7xx_hal_i2c.o
HAL_I2C_Mem_Write_IT                              build/stm32h7xx_hal_i2c.o
HAL_I2C_MspDeInit                                 build/stm32h7xx_hal_i2c.o
HAL_I2C_MspInit                                   build/stm32h7xx_hal_i2c.o
HAL_I2C_SlaveRxCpltCallback                       build/stm32h7xx_hal_i2c.o
HAL_I2C_SlaveTxCpltCallback                       build/stm32h7xx_hal_i2c.o
HAL_I2C_Slave_Receive                             build/stm32h7xx_hal_i2c.o
HAL_I2C_Slave_Receive_DMA                         build/stm32h7xx_hal_i2c.o
HAL_I2C_Slave_Receive_IT                          build/stm32h7xx_hal_i2c.o
HAL_I2C_Slave_Seq_Receive_DMA                     build/stm32h7xx_hal_i2c.o
HAL_I2C_Slave_Seq_Receive_IT                      build/stm32h7xx_hal_i2c.o
HAL_I2C_Slave_Seq_Transmit_DMA                    build/stm32h7xx_hal_i2c.o
HAL_I2C_Slave_Seq_Transmit_IT                     build/stm32h7xx_hal_i2c.o
HAL_I2C_Slave_Transmit                            build/stm32h7xx_hal_i2c.o
HAL_I2C_Slave_Transmit_DMA                        build/stm32h7xx_hal_i2c.o
HAL_I2C_Slave_Transmit_IT                         build/stm32h7xx_hal_i2c.o
HAL_IncTick                                       build/stm32h7xx_hal.o
                                                  build/stm32h7xx_it.o
HAL_Init                                          build/stm32h7xx_hal.o
                                                  build/main.o
HAL_InitTick                                      build/stm32h7xx_hal.o
                                                  build/stm32h7xx_hal_rcc.o
HAL_LIN_Init                                      build/stm32h7xx_hal_uart.o
HAL_LIN_SendBreak                                 build/stm32h7xx_hal_uart.o
HAL_MDMA_Abort                                    build/stm32h7xx_hal_mdma.o
HAL_MDMA_Abort_IT                                 build/stm32h7xx_hal_mdma.o
HAL_MDMA_ConfigPostRequestMask                    build/stm32h7xx_hal_mdma.o
HAL_MDMA_DeInit                                   build/stm32h7xx_hal_mdma.o
HAL_MDMA_GenerateSWRequest                        build/stm32h7xx_hal_mdma.o
HAL_MDMA_GetError                                 build/stm32h7xx_hal_mdma.o
HAL_MDMA_GetState                                 build/stm32h7xx_hal_mdma.o
HAL_MDMA_IRQHandler                               build/stm32h7xx_hal_mdma.o
HAL_MDMA_Init                                     build/stm32h7xx_hal_mdma.o
HAL_MDMA_LinkedList_AddNode                       build/stm32h7xx_hal_mdma.o
HAL_MDMA_LinkedList_CreateNode                    build/stm32h7xx_hal_mdma.o
HAL_MDMA_LinkedList_DisableCircularMode           build/stm32h7xx_hal_mdma.o
HAL_MDMA_LinkedList_EnableCircularMode            build/stm32h7xx_hal_mdma.o
HAL_MDMA_LinkedList_RemoveNode                    build/stm32h7xx_hal_mdma.o
HAL_MDMA_PollForTransfer                          build/stm32h7xx_hal_mdma.o
HAL_MDMA_RegisterCallback                         build/stm32h7xx_hal_mdma.o
HAL_MDMA_Start                                    build/stm32h7xx_hal_mdma.o
HAL_MDMA_Start_IT                                 build/stm32h7xx_hal_mdma.o
HAL_MDMA_UnRegisterCallback                       build/stm32h7xx_hal_mdma.o
HAL_MPU_ConfigRegion                              build/stm32h7xx_hal_cortex.o
HAL_MPU_Disable                                   build/stm32h7xx_hal_cortex.o
HAL_MPU_DisableRegion                             build/stm32h7xx_hal_cortex.o
HAL_MPU_Enable                                    build/stm32h7xx_hal_cortex.o
HAL_MPU_EnableRegion                              build/stm32h7xx_hal_cortex.o
HAL_MspDeInit                                     build/stm32h7xx_hal.o
HAL_MspInit                                       build/stm32h7xx_hal_msp.o
HAL_MultiProcessorEx_AddressLength_Set            build/stm32h7xx_hal_uart_ex.o
HAL_MultiProcessor_DisableMuteMode                build/stm32h7xx_hal_uart.o
HAL_MultiProcessor_EnableMuteMode                 build/stm32h7xx_hal_uart.o
HAL_MultiProcessor_EnterMuteMode                  build/stm32h7xx_hal_uart.o
HAL_MultiProcessor_Init                           build/stm32h7xx_hal_uart.o
HAL_NVIC_ClearPendingIRQ                          build/stm32h7xx_hal_cortex.o
HAL_NVIC_DisableIRQ                               build/stm32h7xx_hal_cortex.o
                                                  build/stm32h7xx_hal_msp.o
HAL_NVIC_EnableIRQ                                build/stm32h7xx_hal_cortex.o
                                                  build/stm32h7xx_hal_msp.o
HAL_NVIC_GetActive                                build/stm32h7xx_hal_cortex.o
HAL_NVIC_GetPendingIRQ                            build/stm32h7xx_hal_cortex.o
HAL_NVIC_GetPriority                              build/stm32h7xx_hal_cortex.o
HAL_NVIC_GetPriorityGrouping                      build/stm32h7xx_hal_cortex.o
HAL_NVIC_SetPendingIRQ                            build/stm32h7xx_hal_cortex.o
HAL_NVIC_SetPriority                              build/stm32h7xx_hal_cortex.o
                                                  build/stm32h7xx_hal.o
                                                  build/stm32h7xx_hal_msp.o
HAL_NVIC_SetPriorityGrouping                      build/stm32h7xx_hal_cortex.o
                                                  build/stm32h7xx_hal.o
HAL_NVIC_SystemReset                              build/stm32h7xx_hal_cortex.o
HAL_PCDEx_ActivateBCD                             build/stm32h7xx_hal_pcd_ex.o
HAL_PCDEx_ActivateLPM                             build/stm32h7xx_hal_pcd_ex.o
                                                  build/stm32h7xx_hal_pcd.o
HAL_PCDEx_BCD_Callback                            build/stm32h7xx_hal_pcd_ex.o
HAL_PCDEx_BCD_VBUSDetect                          build/stm32h7xx_hal_pcd_ex.o
HAL_PCDEx_DeActivateBCD                           build/stm32h7xx_hal_pcd_ex.o
HAL_PCDEx_DeActivateLPM                           build/stm32h7xx_hal_pcd_ex.o
HAL_PCDEx_LPM_Callback                            build/stm32h7xx_hal_pcd_ex.o
                                                  build/stm32h7xx_hal_pcd.o
HAL_PCDEx_SetRxFiFo                               build/stm32h7xx_hal_pcd_ex.o
HAL_PCDEx_SetTxFiFo                               build/stm32h7xx_hal_pcd_ex.o
HAL_PCD_ActivateRemoteWakeup                      build/stm32h7xx_hal_pcd.o
HAL_PCD_ConnectCallback                           build/stm32h7xx_hal_pcd.o
HAL_PCD_DataInStageCallback                       build/stm32h7xx_hal_pcd.o
HAL_PCD_DataOutStageCallback                      build/stm32h7xx_hal_pcd.o
HAL_PCD_DeActivateRemoteWakeup                    build/stm32h7xx_hal_pcd.o
HAL_PCD_DeInit                                    build/stm32h7xx_hal_pcd.o
HAL_PCD_DevConnect                                build/stm32h7xx_hal_pcd.o
HAL_PCD_DevDisconnect                             build/stm32h7xx_hal_pcd.o
HAL_PCD_DisconnectCallback                        build/stm32h7xx_hal_pcd.o
HAL_PCD_EP_Abort                                  build/stm32h7xx_hal_pcd.o
HAL_PCD_EP_Close                                  build/stm32h7xx_hal_pcd.o
HAL_PCD_EP_ClrStall                               build/stm32h7xx_hal_pcd.o
HAL_PCD_EP_Flush                                  build/stm32h7xx_hal_pcd.o
HAL_PCD_EP_GetRxCount                             build/stm32h7xx_hal_pcd.o
HAL_PCD_EP_Open                                   build/stm32h7xx_hal_pcd.o
HAL_PCD_EP_Receive                                build/stm32h7xx_hal_pcd.o
HAL_PCD_EP_SetStall                               build/stm32h7xx_hal_pcd.o
HAL_PCD_EP_Transmit                               build/stm32h7xx_hal_pcd.o
HAL_PCD_GetState                                  build/stm32h7xx_hal_pcd.o
HAL_PCD_IRQHandler                                build/stm32h7xx_hal_pcd.o
HAL_PCD_ISOINIncompleteCallback                   build/stm32h7xx_hal_pcd.o
HAL_PCD_ISOOUTIncompleteCallback                  build/stm32h7xx_hal_pcd.o
HAL_PCD_Init                                      build/stm32h7xx_hal_pcd.o
                                                  build/main.o
HAL_PCD_MspDeInit                                 build/stm32h7xx_hal_msp.o
HAL_PCD_MspInit                                   build/stm32h7xx_hal_msp.o
HAL_PCD_ResetCallback                             build/stm32h7xx_hal_pcd.o
HAL_PCD_ResumeCallback                            build/stm32h7xx_hal_pcd.o
HAL_PCD_SOFCallback                               build/stm32h7xx_hal_pcd.o
HAL_PCD_SetAddress                                build/stm32h7xx_hal_pcd.o
HAL_PCD_SetTestMode                               build/stm32h7xx_hal_pcd.o
HAL_PCD_SetupStageCallback                        build/stm32h7xx_hal_pcd.o
HAL_PCD_Start                                     build/stm32h7xx_hal_pcd.o
HAL_PCD_Stop                                      build/stm32h7xx_hal_pcd.o
HAL_PCD_SuspendCallback                           build/stm32h7xx_hal_pcd.o
HAL_PWREx_AVDCallback                             build/stm32h7xx_hal_pwr_ex.o
HAL_PWREx_ClearPendingEvent                       build/stm32h7xx_hal_pwr_ex.o
HAL_PWREx_ClearWakeupFlag                         build/stm32h7xx_hal_pwr_ex.o
HAL_PWREx_ConfigAVD                               build/stm32h7xx_hal_pwr_ex.o
HAL_PWREx_ConfigD3Domain                          build/stm32h7xx_hal_pwr_ex.o
HAL_PWREx_ConfigSupply                            build/stm32h7xx_hal_pwr_ex.o
                                                  build/main.o
HAL_PWREx_ControlStopModeVoltageScaling           build/stm32h7xx_hal_pwr_ex.o
HAL_PWREx_ControlVoltageScaling                   build/stm32h7xx_hal_pwr_ex.o
HAL_PWREx_DisableAVD                              build/stm32h7xx_hal_pwr_ex.o
HAL_PWREx_DisableBatteryCharging                  build/stm32h7xx_hal_pwr_ex.o
HAL_PWREx_DisableBkUpReg                          build/stm32h7xx_hal_pwr_ex.o
HAL_PWREx_DisableFlashPowerDown                   build/stm32h7xx_hal_pwr_ex.o
HAL_PWREx_DisableMonitoring                       build/stm32h7xx_hal_pwr_ex.o
HAL_PWREx_DisableUSBReg                           build/stm32h7xx_hal_pwr_ex.o
HAL_PWREx_DisableUSBVoltageDetector               build/stm32h7xx_hal_pwr_ex.o
HAL_PWREx_DisableWakeUpPin                        build/stm32h7xx_hal_pwr_ex.o
HAL_PWREx_EnableAVD                               build/stm32h7xx_hal_pwr_ex.o
HAL_PWREx_EnableBatteryCharging                   build/stm32h7xx_hal_pwr_ex.o
HAL_PWREx_EnableBkUpReg                           build/stm32h7xx_hal_pwr_ex.o
HAL_PWREx_EnableFlashPowerDown                    build/stm32h7xx_hal_pwr_ex.o
HAL_PWREx_EnableMonitoring                        build/stm32h7xx_hal_pwr_ex.o